﻿
> reactnative@0.0.1 android
> react-native run-android

[36m[1minfo[22m[39m [0mA dev server is already running for this project on port 8082.[0m
[36m[1minfo[22m[39m [0mInstalling the app...[0m
> Task :gradle-plugin:settings-plugin:checkKotlinGradlePluginConfigurationErrors SKIPPED
> Task :gradle-plugin:shared:checkKotlinGradlePluginConfigurationErrors SKIPPED
> Task :gradle-plugin:shared:compileKotlin UP-TO-DATE
> Task :gradle-plugin:shared:compileJava NO-SOURCE
> Task :gradle-plugin:shared:processResources NO-SOURCE
> Task :gradle-plugin:shared:classes UP-TO-DATE
> Task :gradle-plugin:shared:jar UP-TO-DATE
> Task :gradle-plugin:settings-plugin:compileKotlin UP-TO-DATE
> Task :gradle-plugin:settings-plugin:compileJava NO-SOURCE
> Task :gradle-plugin:settings-plugin:pluginDescriptors UP-TO-DATE
> Task :gradle-plugin:settings-plugin:processResources UP-TO-DATE
> Task :gradle-plugin:settings-plugin:classes UP-TO-DATE
> Task :gradle-plugin:settings-plugin:jar UP-TO-DATE
> Task :gradle-plugin:react-native-gradle-plugin:checkKotlinGradlePluginConfigurationErrors SKIPPED
> Task :gradle-plugin:react-native-gradle-plugin:compileKotlin UP-TO-DATE
> Task :gradle-plugin:react-native-gradle-plugin:compileJava NO-SOURCE
> Task :gradle-plugin:react-native-gradle-plugin:pluginDescriptors UP-TO-DATE
> Task :gradle-plugin:react-native-gradle-plugin:processResources UP-TO-DATE
> Task :gradle-plugin:react-native-gradle-plugin:classes UP-TO-DATE
> Task :gradle-plugin:react-native-gradle-plugin:jar UP-TO-DATE

> Configure project :

> Configure project :react-native-firebase_app
:react-native-firebase_app package.json found at C:\Users\Densingh\Downloads\projects\reactnative\node_modules\@react-native-firebase\app\package.json
:react-native-firebase_app:firebase.bom using default value: 34.10.0
:react-native-firebase_app:play.play-services-auth using default value: 21.5.0
:react-native-firebase_app package.json found at C:\Users\Densingh\Downloads\projects\reactnative\node_modules\@react-native-firebase\app\package.json
:react-native-firebase_app:version set from package.json: 23.8.8 (23,8,8 - 23008008)
:react-native-firebase_app:android.compileSdk using custom value: 36
:react-native-firebase_app:android.targetSdk using custom value: 36
:react-native-firebase_app:android.minSdk using custom value: 24
:react-native-firebase_app:reactNativeAndroidDir C:\Users\Densingh\Downloads\projects\reactnative\node_modules\react-native

> Configure project :react-native-firebase_auth
:react-native-firebase_auth package.json found at C:\Users\Densingh\Downloads\projects\reactnative\node_modules\@react-native-firebase\auth\package.json
:react-native-firebase_app package.json found at C:\Users\Densingh\Downloads\projects\reactnative\node_modules\@react-native-firebase\app\package.json
:react-native-firebase_auth:firebase.bom using default value: 34.10.0
:react-native-firebase_auth package.json found at C:\Users\Densingh\Downloads\projects\reactnative\node_modules\@react-native-firebase\auth\package.json
:react-native-firebase_auth:version set from package.json: 23.8.8 (23,8,8 - 23008008)
:react-native-firebase_auth:android.compileSdk using custom value: 36
:react-native-firebase_auth:android.targetSdk using custom value: 36
:react-native-firebase_auth:android.minSdk using custom value: 24
:react-native-firebase_auth:reactNativeAndroidDir C:\Users\Densingh\Downloads\projects\reactnative\node_modules\react-native

> Configure project :react-native-firebase_firestore
:react-native-firebase_firestore package.json found at C:\Users\Densingh\Downloads\projects\reactnative\node_modules\@react-native-firebase\firestore\package.json
:react-native-firebase_app package.json found at C:\Users\Densingh\Downloads\projects\reactnative\node_modules\@react-native-firebase\app\package.json
:react-native-firebase_firestore:firebase.bom using default value: 34.10.0
:react-native-firebase_firestore package.json found at C:\Users\Densingh\Downloads\projects\reactnative\node_modules\@react-native-firebase\firestore\package.json
:react-native-firebase_firestore:version set from package.json: 23.8.8 (23,8,8 - 23008008)
:react-native-firebase_firestore:android.compileSdk using custom value: 36
:react-native-firebase_firestore:android.targetSdk using custom value: 36
:react-native-firebase_firestore:android.minSdk using custom value: 24
:react-native-firebase_firestore:reactNativeAndroidDir C:\Users\Densingh\Downloads\projects\reactnative\node_modules\react-native

> Task :app:checkKotlinGradlePluginConfigurationErrors SKIPPED
> Task :app:generateAutolinkingNewArchitectureFiles UP-TO-DATE
> Task :app:generateAutolinkingPackageList UP-TO-DATE
> Task :app:generateCodegenSchemaFromJavaScript SKIPPED
> Task :app:generateCodegenArtifactsFromSchema SKIPPED
> Task :app:generateReactNativeEntryPoint UP-TO-DATE
> Task :react-native-async-storage_async-storage:generateCodegenSchemaFromJavaScript UP-TO-DATE
> Task :react-native-async-storage_async-storage:generateCodegenArtifactsFromSchema UP-TO-DATE
> Task :react-native-async-storage_async-storage:preBuild UP-TO-DATE
> Task :react-native-community_blur:preBuild UP-TO-DATE
> Task :react-native-community_slider:generateCodegenSchemaFromJavaScript UP-TO-DATE
> Task :react-native-community_slider:generateCodegenArtifactsFromSchema UP-TO-DATE
> Task :react-native-community_slider:preBuild UP-TO-DATE
> Task :react-native-firebase_app:preBuild UP-TO-DATE
> Task :react-native-firebase_auth:preBuild UP-TO-DATE
> Task :react-native-firebase_firestore:preBuild UP-TO-DATE
> Task :react-native-fs:preBuild UP-TO-DATE
> Task :react-native-linear-gradient:preBuild UP-TO-DATE
> Task :react-native-safe-area-context:generateCodegenSchemaFromJavaScript UP-TO-DATE
> Task :react-native-safe-area-context:generateCodegenArtifactsFromSchema UP-TO-DATE
> Task :react-native-safe-area-context:preBuild UP-TO-DATE
> Task :react-native-screens:generateCodegenSchemaFromJavaScript UP-TO-DATE
> Task :react-native-screens:generateCodegenArtifactsFromSchema UP-TO-DATE
> Task :react-native-screens:preBuild UP-TO-DATE
> Task :react-native-svg:generateCodegenSchemaFromJavaScript UP-TO-DATE
> Task :react-native-svg:generateCodegenArtifactsFromSchema UP-TO-DATE
> Task :react-native-svg:preBuild UP-TO-DATE
> Task :react-native-track-player:preBuild UP-TO-DATE
> Task :react-native-vector-icons:generateCodegenSchemaFromJavaScript UP-TO-DATE
> Task :react-native-vector-icons:generateCodegenArtifactsFromSchema UP-TO-DATE
> Task :react-native-vector-icons:preBuild UP-TO-DATE
> Task :react-native-webview:generateCodegenSchemaFromJavaScript UP-TO-DATE
> Task :react-native-webview:generateCodegenArtifactsFromSchema UP-TO-DATE
> Task :react-native-webview:preBuild UP-TO-DATE
> Task :app:preBuild UP-TO-DATE
> Task :app:preDebugBuild UP-TO-DATE
> Task :app:generateDebugBuildConfig UP-TO-DATE
> Task :react-native-async-storage_async-storage:preDebugBuild UP-TO-DATE
> Task :react-native-async-storage_async-storage:writeDebugAarMetadata UP-TO-DATE
> Task :react-native-community_blur:preDebugBuild UP-TO-DATE
> Task :react-native-community_blur:writeDebugAarMetadata UP-TO-DATE
> Task :react-native-community_slider:preDebugBuild UP-TO-DATE
> Task :react-native-community_slider:writeDebugAarMetadata UP-TO-DATE
> Task :react-native-firebase_app:preDebugBuild UP-TO-DATE
> Task :react-native-firebase_app:writeDebugAarMetadata UP-TO-DATE
> Task :react-native-firebase_auth:preDebugBuild UP-TO-DATE
> Task :react-native-firebase_auth:writeDebugAarMetadata UP-TO-DATE
> Task :react-native-firebase_firestore:preDebugBuild UP-TO-DATE
> Task :react-native-firebase_firestore:writeDebugAarMetadata UP-TO-DATE
> Task :react-native-fs:preDebugBuild UP-TO-DATE
> Task :react-native-fs:writeDebugAarMetadata UP-TO-DATE
> Task :react-native-linear-gradient:preDebugBuild UP-TO-DATE
> Task :react-native-linear-gradient:writeDebugAarMetadata UP-TO-DATE
> Task :react-native-safe-area-context:preDebugBuild UP-TO-DATE
> Task :react-native-safe-area-context:writeDebugAarMetadata UP-TO-DATE
> Task :react-native-screens:preDebugBuild UP-TO-DATE
> Task :react-native-screens:writeDebugAarMetadata UP-TO-DATE
> Task :react-native-svg:preDebugBuild UP-TO-DATE
> Task :react-native-svg:writeDebugAarMetadata UP-TO-DATE
> Task :react-native-track-player:preDebugBuild UP-TO-DATE
> Task :react-native-track-player:writeDebugAarMetadata UP-TO-DATE
> Task :react-native-vector-icons:preDebugBuild UP-TO-DATE
> Task :react-native-vector-icons:writeDebugAarMetadata UP-TO-DATE
> Task :react-native-webview:preDebugBuild UP-TO-DATE
> Task :react-native-webview:writeDebugAarMetadata UP-TO-DATE
> Task :app:checkDebugAarMetadata UP-TO-DATE
> Task :app:generateDebugResValues UP-TO-DATE
> Task :react-native-async-storage_async-storage:generateDebugResValues UP-TO-DATE
> Task :react-native-async-storage_async-storage:generateDebugResources UP-TO-DATE
> Task :react-native-async-storage_async-storage:packageDebugResources UP-TO-DATE
> Task :react-native-community_blur:generateDebugResValues UP-TO-DATE
> Task :react-native-community_blur:generateDebugResources UP-TO-DATE
> Task :react-native-community_blur:packageDebugResources UP-TO-DATE
> Task :react-native-community_slider:generateDebugResValues UP-TO-DATE
> Task :react-native-community_slider:generateDebugResources UP-TO-DATE
> Task :react-native-community_slider:packageDebugResources UP-TO-DATE
> Task :react-native-firebase_app:generateDebugResValues UP-TO-DATE
> Task :react-native-firebase_app:generateDebugResources UP-TO-DATE
> Task :react-native-firebase_app:packageDebugResources UP-TO-DATE
> Task :react-native-firebase_auth:generateDebugResValues UP-TO-DATE
> Task :react-native-firebase_auth:generateDebugResources UP-TO-DATE
> Task :react-native-firebase_auth:packageDebugResources UP-TO-DATE
> Task :react-native-firebase_firestore:generateDebugResValues UP-TO-DATE
> Task :react-native-firebase_firestore:generateDebugResources UP-TO-DATE
> Task :react-native-firebase_firestore:packageDebugResources UP-TO-DATE
> Task :react-native-fs:generateDebugResValues UP-TO-DATE
> Task :react-native-fs:generateDebugResources UP-TO-DATE
> Task :react-native-fs:packageDebugResources UP-TO-DATE
> Task :react-native-linear-gradient:generateDebugResValues UP-TO-DATE
> Task :react-native-linear-gradient:generateDebugResources UP-TO-DATE
> Task :react-native-linear-gradient:packageDebugResources UP-TO-DATE
> Task :react-native-safe-area-context:generateDebugResValues UP-TO-DATE
> Task :react-native-safe-area-context:generateDebugResources UP-TO-DATE
> Task :react-native-safe-area-context:packageDebugResources UP-TO-DATE
> Task :react-native-screens:generateDebugResValues UP-TO-DATE
> Task :react-native-screens:generateDebugResources UP-TO-DATE
> Task :react-native-screens:packageDebugResources UP-TO-DATE
> Task :react-native-svg:generateDebugResValues UP-TO-DATE
> Task :react-native-svg:generateDebugResources UP-TO-DATE
> Task :react-native-svg:packageDebugResources UP-TO-DATE
> Task :react-native-track-player:generateDebugResValues UP-TO-DATE
> Task :react-native-track-player:generateDebugResources UP-TO-DATE
> Task :react-native-track-player:packageDebugResources UP-TO-DATE
> Task :react-native-vector-icons:generateDebugResValues UP-TO-DATE
> Task :react-native-vector-icons:generateDebugResources UP-TO-DATE
> Task :react-native-vector-icons:packageDebugResources UP-TO-DATE
> Task :react-native-webview:generateDebugResValues UP-TO-DATE
> Task :react-native-webview:generateDebugResources UP-TO-DATE
> Task :react-native-webview:packageDebugResources UP-TO-DATE
> Task :app:mapDebugSourceSetPaths UP-TO-DATE
> Task :app:generateDebugResources UP-TO-DATE
> Task :app:mergeDebugResources UP-TO-DATE
> Task :app:packageDebugResources UP-TO-DATE
> Task :app:parseDebugLocalResources UP-TO-DATE
> Task :app:createDebugCompatibleScreenManifests UP-TO-DATE
> Task :app:extractDeepLinksDebug UP-TO-DATE
> Task :react-native-async-storage_async-storage:extractDeepLinksDebug UP-TO-DATE
> Task :react-native-async-storage_async-storage:processDebugManifest UP-TO-DATE
> Task :react-native-community_blur:extractDeepLinksDebug UP-TO-DATE
> Task :react-native-community_blur:processDebugManifest UP-TO-DATE
> Task :react-native-community_slider:extractDeepLinksDebug UP-TO-DATE
> Task :react-native-community_slider:processDebugManifest UP-TO-DATE
> Task :react-native-firebase_app:extractDeepLinksDebug UP-TO-DATE
> Task :react-native-firebase_app:processDebugManifest UP-TO-DATE
> Task :react-native-firebase_auth:extractDeepLinksDebug UP-TO-DATE
> Task :react-native-firebase_auth:processDebugManifest UP-TO-DATE
> Task :react-native-firebase_firestore:extractDeepLinksDebug UP-TO-DATE
> Task :react-native-firebase_firestore:processDebugManifest UP-TO-DATE
> Task :react-native-fs:extractDeepLinksDebug UP-TO-DATE
> Task :react-native-fs:processDebugManifest UP-TO-DATE
> Task :react-native-linear-gradient:extractDeepLinksDebug UP-TO-DATE
> Task :react-native-linear-gradient:processDebugManifest UP-TO-DATE
> Task :react-native-safe-area-context:extractDeepLinksDebug UP-TO-DATE
> Task :react-native-safe-area-context:processDebugManifest UP-TO-DATE
> Task :react-native-screens:extractDeepLinksDebug UP-TO-DATE
> Task :react-native-screens:processDebugManifest UP-TO-DATE
> Task :react-native-svg:extractDeepLinksDebug UP-TO-DATE
> Task :react-native-svg:processDebugManifest UP-TO-DATE
> Task :react-native-track-player:extractDeepLinksDebug UP-TO-DATE
> Task :react-native-track-player:processDebugManifest UP-TO-DATE
> Task :react-native-vector-icons:extractDeepLinksDebug UP-TO-DATE
> Task :react-native-vector-icons:processDebugManifest UP-TO-DATE
> Task :react-native-webview:extractDeepLinksDebug UP-TO-DATE
> Task :react-native-webview:processDebugManifest UP-TO-DATE
> Task :app:processDebugMainManifest UP-TO-DATE
> Task :app:processDebugManifest UP-TO-DATE
> Task :app:processDebugManifestForPackage UP-TO-DATE
> Task :react-native-async-storage_async-storage:compileDebugLibraryResources UP-TO-DATE
> Task :react-native-async-storage_async-storage:parseDebugLocalResources UP-TO-DATE
> Task :react-native-async-storage_async-storage:generateDebugRFile UP-TO-DATE
> Task :react-native-community_blur:compileDebugLibraryResources UP-TO-DATE
> Task :react-native-community_blur:parseDebugLocalResources UP-TO-DATE
> Task :react-native-community_blur:generateDebugRFile UP-TO-DATE
> Task :react-native-community_slider:compileDebugLibraryResources UP-TO-DATE
> Task :react-native-community_slider:parseDebugLocalResources UP-TO-DATE
> Task :react-native-community_slider:generateDebugRFile UP-TO-DATE
> Task :react-native-firebase_app:compileDebugLibraryResources UP-TO-DATE
> Task :react-native-firebase_app:parseDebugLocalResources UP-TO-DATE
> Task :react-native-firebase_app:generateDebugRFile UP-TO-DATE
> Task :react-native-firebase_auth:compileDebugLibraryResources UP-TO-DATE
> Task :react-native-firebase_auth:parseDebugLocalResources UP-TO-DATE
> Task :react-native-firebase_auth:generateDebugRFile UP-TO-DATE
> Task :react-native-firebase_firestore:compileDebugLibraryResources UP-TO-DATE
> Task :react-native-firebase_firestore:parseDebugLocalResources UP-TO-DATE
> Task :react-native-firebase_firestore:generateDebugRFile UP-TO-DATE
> Task :react-native-fs:compileDebugLibraryResources UP-TO-DATE
> Task :react-native-fs:parseDebugLocalResources UP-TO-DATE
> Task :react-native-fs:generateDebugRFile UP-TO-DATE
> Task :react-native-linear-gradient:compileDebugLibraryResources UP-TO-DATE
> Task :react-native-linear-gradient:parseDebugLocalResources UP-TO-DATE
> Task :react-native-linear-gradient:generateDebugRFile UP-TO-DATE
> Task :react-native-safe-area-context:compileDebugLibraryResources UP-TO-DATE
> Task :react-native-safe-area-context:parseDebugLocalResources UP-TO-DATE
> Task :react-native-safe-area-context:generateDebugRFile UP-TO-DATE
> Task :react-native-screens:compileDebugLibraryResources UP-TO-DATE
> Task :react-native-screens:parseDebugLocalResources UP-TO-DATE
> Task :react-native-screens:generateDebugRFile UP-TO-DATE
> Task :react-native-svg:compileDebugLibraryResources UP-TO-DATE
> Task :react-native-svg:parseDebugLocalResources UP-TO-DATE
> Task :react-native-svg:generateDebugRFile UP-TO-DATE
> Task :react-native-track-player:compileDebugLibraryResources UP-TO-DATE
> Task :react-native-track-player:parseDebugLocalResources UP-TO-DATE
> Task :react-native-track-player:generateDebugRFile UP-TO-DATE
> Task :react-native-vector-icons:compileDebugLibraryResources UP-TO-DATE
> Task :react-native-vector-icons:parseDebugLocalResources UP-TO-DATE
> Task :react-native-vector-icons:generateDebugRFile UP-TO-DATE
> Task :react-native-webview:compileDebugLibraryResources UP-TO-DATE
> Task :react-native-webview:parseDebugLocalResources UP-TO-DATE
> Task :react-native-webview:generateDebugRFile UP-TO-DATE
> Task :app:processDebugResources UP-TO-DATE
> Task :react-native-async-storage_async-storage:generateDebugBuildConfig UP-TO-DATE
> Task :react-native-async-storage_async-storage:javaPreCompileDebug UP-TO-DATE
> Task :react-native-async-storage_async-storage:compileDebugJavaWithJavac UP-TO-DATE
> Task :react-native-async-storage_async-storage:bundleLibCompileToJarDebug UP-TO-DATE
> Task :react-native-community_blur:generateDebugBuildConfig UP-TO-DATE
> Task :react-native-community_blur:javaPreCompileDebug UP-TO-DATE
> Task :react-native-community_blur:compileDebugJavaWithJavac UP-TO-DATE
> Task :react-native-community_blur:bundleLibCompileToJarDebug UP-TO-DATE
> Task :react-native-community_slider:generateDebugBuildConfig UP-TO-DATE
> Task :react-native-community_slider:javaPreCompileDebug UP-TO-DATE
> Task :react-native-community_slider:compileDebugJavaWithJavac UP-TO-DATE
> Task :react-native-community_slider:bundleLibCompileToJarDebug UP-TO-DATE
> Task :react-native-firebase_app:generateDebugBuildConfig UP-TO-DATE
> Task :react-native-firebase_app:javaPreCompileDebug UP-TO-DATE
> Task :react-native-firebase_app:compileDebugJavaWithJavac UP-TO-DATE
> Task :react-native-firebase_app:bundleLibCompileToJarDebug UP-TO-DATE
> Task :react-native-firebase_auth:generateDebugBuildConfig UP-TO-DATE
> Task :react-native-firebase_auth:javaPreCompileDebug UP-TO-DATE
> Task :react-native-firebase_auth:compileDebugJavaWithJavac UP-TO-DATE
> Task :react-native-firebase_auth:bundleLibCompileToJarDebug UP-TO-DATE
> Task :react-native-firebase_firestore:generateDebugBuildConfig UP-TO-DATE
> Task :react-native-firebase_firestore:javaPreCompileDebug UP-TO-DATE
> Task :react-native-firebase_firestore:compileDebugJavaWithJavac UP-TO-DATE
> Task :react-native-firebase_firestore:bundleLibCompileToJarDebug UP-TO-DATE
> Task :react-native-fs:generateDebugBuildConfig UP-TO-DATE
> Task :react-native-fs:javaPreCompileDebug UP-TO-DATE
> Task :react-native-fs:compileDebugJavaWithJavac UP-TO-DATE
> Task :react-native-fs:bundleLibCompileToJarDebug UP-TO-DATE
> Task :react-native-linear-gradient:generateDebugBuildConfig UP-TO-DATE
> Task :react-native-linear-gradient:javaPreCompileDebug UP-TO-DATE
> Task :react-native-linear-gradient:compileDebugJavaWithJavac UP-TO-DATE
> Task :react-native-linear-gradient:bundleLibCompileToJarDebug UP-TO-DATE
> Task :react-native-safe-area-context:checkKotlinGradlePluginConfigurationErrors SKIPPED
> Task :react-native-safe-area-context:generateDebugBuildConfig UP-TO-DATE
> Task :react-native-safe-area-context:compileDebugKotlin UP-TO-DATE
> Task :react-native-safe-area-context:javaPreCompileDebug UP-TO-DATE
> Task :react-native-safe-area-context:compileDebugJavaWithJavac UP-TO-DATE
> Task :react-native-safe-area-context:bundleLibCompileToJarDebug UP-TO-DATE
> Task :react-native-screens:checkKotlinGradlePluginConfigurationErrors SKIPPED
> Task :react-native-screens:generateDebugBuildConfig UP-TO-DATE
> Task :react-native-screens:compileDebugKotlin UP-TO-DATE
> Task :react-native-screens:javaPreCompileDebug UP-TO-DATE
> Task :react-native-screens:compileDebugJavaWithJavac UP-TO-DATE
> Task :react-native-screens:bundleLibCompileToJarDebug UP-TO-DATE
> Task :react-native-svg:generateDebugBuildConfig UP-TO-DATE
> Task :react-native-svg:javaPreCompileDebug UP-TO-DATE
> Task :react-native-svg:compileDebugJavaWithJavac UP-TO-DATE
> Task :react-native-svg:bundleLibCompileToJarDebug UP-TO-DATE
> Task :react-native-track-player:checkKotlinGradlePluginConfigurationErrors SKIPPED
> Task :react-native-track-player:generateDebugBuildConfig UP-TO-DATE
> Task :react-native-track-player:compileDebugKotlin UP-TO-DATE
> Task :react-native-track-player:javaPreCompileDebug UP-TO-DATE
> Task :react-native-track-player:compileDebugJavaWithJavac UP-TO-DATE
> Task :react-native-track-player:bundleLibCompileToJarDebug UP-TO-DATE
> Task :react-native-vector-icons:generateDebugBuildConfig UP-TO-DATE
> Task :react-native-vector-icons:javaPreCompileDebug UP-TO-DATE
> Task :react-native-vector-icons:compileDebugJavaWithJavac UP-TO-DATE
> Task :react-native-vector-icons:bundleLibCompileToJarDebug UP-TO-DATE
> Task :react-native-webview:checkKotlinGradlePluginConfigurationErrors SKIPPED
> Task :react-native-webview:generateDebugBuildConfig UP-TO-DATE
> Task :react-native-webview:compileDebugKotlin UP-TO-DATE
> Task :react-native-webview:javaPreCompileDebug UP-TO-DATE
> Task :react-native-webview:compileDebugJavaWithJavac UP-TO-DATE
> Task :react-native-webview:bundleLibCompileToJarDebug UP-TO-DATE
> Task :app:compileDebugKotlin UP-TO-DATE
> Task :app:javaPreCompileDebug UP-TO-DATE
> Task :app:compileDebugJavaWithJavac
> Task :app:mergeDebugShaders UP-TO-DATE
> Task :app:compileDebugShaders NO-SOURCE
> Task :app:generateDebugAssets UP-TO-DATE
> Task :react-native-async-storage_async-storage:mergeDebugShaders UP-TO-DATE
> Task :react-native-async-storage_async-storage:compileDebugShaders NO-SOURCE
> Task :react-native-async-storage_async-storage:generateDebugAssets UP-TO-DATE
> Task :react-native-async-storage_async-storage:mergeDebugAssets UP-TO-DATE
> Task :react-native-community_blur:mergeDebugShaders UP-TO-DATE
> Task :react-native-community_blur:compileDebugShaders NO-SOURCE
> Task :react-native-community_blur:generateDebugAssets UP-TO-DATE
> Task :react-native-community_blur:mergeDebugAssets UP-TO-DATE
> Task :react-native-community_slider:mergeDebugShaders UP-TO-DATE
> Task :react-native-community_slider:compileDebugShaders NO-SOURCE
> Task :react-native-community_slider:generateDebugAssets UP-TO-DATE
> Task :react-native-community_slider:mergeDebugAssets UP-TO-DATE
> Task :react-native-firebase_app:mergeDebugShaders UP-TO-DATE
> Task :react-native-firebase_app:compileDebugShaders NO-SOURCE
> Task :react-native-firebase_app:generateDebugAssets UP-TO-DATE
> Task :react-native-firebase_app:mergeDebugAssets UP-TO-DATE
> Task :react-native-firebase_auth:mergeDebugShaders UP-TO-DATE
> Task :react-native-firebase_auth:compileDebugShaders NO-SOURCE
> Task :react-native-firebase_auth:generateDebugAssets UP-TO-DATE
> Task :react-native-firebase_auth:mergeDebugAssets UP-TO-DATE
> Task :react-native-firebase_firestore:mergeDebugShaders UP-TO-DATE
> Task :react-native-firebase_firestore:compileDebugShaders NO-SOURCE
> Task :react-native-firebase_firestore:generateDebugAssets UP-TO-DATE
> Task :react-native-firebase_firestore:mergeDebugAssets UP-TO-DATE
> Task :react-native-fs:mergeDebugShaders UP-TO-DATE
> Task :react-native-fs:compileDebugShaders NO-SOURCE
> Task :react-native-fs:generateDebugAssets UP-TO-DATE
> Task :react-native-fs:mergeDebugAssets UP-TO-DATE
> Task :react-native-linear-gradient:mergeDebugShaders UP-TO-DATE
> Task :react-native-linear-gradient:compileDebugShaders NO-SOURCE
> Task :react-native-linear-gradient:generateDebugAssets UP-TO-DATE
> Task :react-native-linear-gradient:mergeDebugAssets UP-TO-DATE
> Task :react-native-safe-area-context:mergeDebugShaders UP-TO-DATE
> Task :react-native-safe-area-context:compileDebugShaders NO-SOURCE
> Task :react-native-safe-area-context:generateDebugAssets UP-TO-DATE
> Task :react-native-safe-area-context:mergeDebugAssets UP-TO-DATE
> Task :react-native-screens:mergeDebugShaders UP-TO-DATE
> Task :react-native-screens:compileDebugShaders NO-SOURCE
> Task :react-native-screens:generateDebugAssets UP-TO-DATE
> Task :react-native-screens:mergeDebugAssets UP-TO-DATE
> Task :react-native-svg:mergeDebugShaders UP-TO-DATE
> Task :react-native-svg:compileDebugShaders NO-SOURCE
> Task :react-native-svg:generateDebugAssets UP-TO-DATE
> Task :react-native-svg:mergeDebugAssets UP-TO-DATE
> Task :react-native-track-player:mergeDebugShaders UP-TO-DATE
> Task :react-native-track-player:compileDebugShaders NO-SOURCE
> Task :react-native-track-player:generateDebugAssets UP-TO-DATE
> Task :react-native-track-player:mergeDebugAssets UP-TO-DATE
> Task :react-native-vector-icons:mergeDebugShaders UP-TO-DATE
> Task :react-native-vector-icons:compileDebugShaders NO-SOURCE
> Task :react-native-vector-icons:generateDebugAssets UP-TO-DATE
> Task :react-native-vector-icons:mergeDebugAssets UP-TO-DATE
> Task :react-native-webview:mergeDebugShaders UP-TO-DATE
> Task :react-native-webview:compileDebugShaders NO-SOURCE
> Task :react-native-webview:generateDebugAssets UP-TO-DATE
> Task :react-native-webview:mergeDebugAssets UP-TO-DATE
> Task :app:mergeDebugAssets UP-TO-DATE
> Task :app:compressDebugAssets UP-TO-DATE
> Task :react-native-safe-area-context:bundleLibRuntimeToJarDebug UP-TO-DATE
> Task :react-native-screens:bundleLibRuntimeToJarDebug UP-TO-DATE
> Task :react-native-track-player:bundleLibRuntimeToJarDebug UP-TO-DATE
> Task :react-native-webview:bundleLibRuntimeToJarDebug UP-TO-DATE
> Task :react-native-async-storage_async-storage:bundleLibRuntimeToJarDebug UP-TO-DATE
> Task :react-native-community_blur:bundleLibRuntimeToJarDebug UP-TO-DATE
> Task :react-native-community_slider:bundleLibRuntimeToJarDebug UP-TO-DATE
> Task :react-native-firebase_auth:bundleLibRuntimeToJarDebug UP-TO-DATE
> Task :react-native-firebase_firestore:bundleLibRuntimeToJarDebug UP-TO-DATE
> Task :react-native-firebase_app:bundleLibRuntimeToJarDebug UP-TO-DATE
> Task :react-native-fs:bundleLibRuntimeToJarDebug UP-TO-DATE
> Task :react-native-linear-gradient:bundleLibRuntimeToJarDebug UP-TO-DATE
> Task :react-native-svg:bundleLibRuntimeToJarDebug UP-TO-DATE
> Task :react-native-vector-icons:bundleLibRuntimeToJarDebug UP-TO-DATE
> Task :app:desugarDebugFileDependencies UP-TO-DATE
> Task :app:dexBuilderDebug
> Task :app:processDebugJavaRes
> Task :react-native-async-storage_async-storage:processDebugJavaRes NO-SOURCE
> Task :react-native-community_blur:processDebugJavaRes NO-SOURCE
> Task :react-native-community_slider:processDebugJavaRes NO-SOURCE
> Task :react-native-firebase_app:processDebugJavaRes NO-SOURCE
> Task :react-native-firebase_auth:processDebugJavaRes NO-SOURCE
> Task :react-native-firebase_firestore:processDebugJavaRes NO-SOURCE
> Task :react-native-fs:processDebugJavaRes NO-SOURCE
> Task :react-native-linear-gradient:processDebugJavaRes NO-SOURCE
> Task :react-native-safe-area-context:processDebugJavaRes UP-TO-DATE
> Task :react-native-screens:processDebugJavaRes UP-TO-DATE
> Task :react-native-svg:processDebugJavaRes NO-SOURCE
> Task :react-native-track-player:processDebugJavaRes UP-TO-DATE
> Task :react-native-vector-icons:processDebugJavaRes NO-SOURCE
> Task :react-native-webview:processDebugJavaRes UP-TO-DATE
> Task :app:checkDebugDuplicateClasses UP-TO-DATE
> Task :app:mergeDebugGlobalSynthetics
> Task :app:mergeExtDexDebug UP-TO-DATE
> Task :react-native-safe-area-context:bundleLibRuntimeToDirDebug UP-TO-DATE
> Task :react-native-screens:bundleLibRuntimeToDirDebug UP-TO-DATE
> Task :react-native-track-player:bundleLibRuntimeToDirDebug UP-TO-DATE
> Task :react-native-webview:bundleLibRuntimeToDirDebug UP-TO-DATE
> Task :react-native-async-storage_async-storage:bundleLibRuntimeToDirDebug UP-TO-DATE
> Task :react-native-community_blur:bundleLibRuntimeToDirDebug UP-TO-DATE
> Task :react-native-community_slider:bundleLibRuntimeToDirDebug UP-TO-DATE
> Task :react-native-firebase_auth:bundleLibRuntimeToDirDebug UP-TO-DATE
> Task :react-native-firebase_firestore:bundleLibRuntimeToDirDebug UP-TO-DATE
> Task :react-native-firebase_app:bundleLibRuntimeToDirDebug UP-TO-DATE
> Task :react-native-fs:bundleLibRuntimeToDirDebug UP-TO-DATE
> Task :react-native-linear-gradient:bundleLibRuntimeToDirDebug UP-TO-DATE
> Task :react-native-svg:bundleLibRuntimeToDirDebug UP-TO-DATE
> Task :react-native-vector-icons:bundleLibRuntimeToDirDebug UP-TO-DATE
> Task :app:mergeProjectDexDebug
> Task :app:mergeDebugJavaResource

> Task :app:configureCMakeDebug[arm64-v8a]
C/C++: CMake Error at C:/Users/Densingh/Downloads/projects/reactnative/android/app/build/generated/autolinking/src/main/jni/Android-autolinking.cmake:10 (add_subdirectory):
C/C++:   add_subdirectory given source
C/C++:   "C:/Users/Densingh/Downloads/projects/reactnative/node_modules/@react-native-community/blur/android/build/generated/source/codegen/jni/"
C/C++:   which is not an existing directory.
C/C++: Call Stack (most recent call first):
C/C++:   C:/Users/Densingh/Downloads/projects/reactnative/node_modules/react-native/ReactAndroid/cmake-utils/ReactNative-application.cmake:94 (include)
C/C++:   CMakeLists.txt:31 (include)
C/C++: CMake Error at C:/Users/Densingh/Downloads/projects/reactnative/node_modules/react-native/ReactAndroid/cmake-utils/ReactNative-application.cmake:97 (target_link_libraries):
C/C++:   Cannot specify link libraries for target "react_codegen_rnblurview" which
C/C++:   is not built by this project.
C/C++: Call Stack (most recent call first):
C/C++:   CMakeLists.txt:31 (include)

> Task :app:configureCMakeDebug[arm64-v8a] FAILED

[Incubating] Problems report is available at: file:///C:/Users/Densingh/Downloads/projects/reactnative/android/build/reports/problems/problems-report.html

Deprecated Gradle features were used in this build, making it incompatible with Gradle 10.

You can use '--warning-mode all' to show the individual deprecation warnings and determine if they come from your own scripts or plugins.

For more on this, please refer to https://docs.gradle.org/9.0.0/userguide/command_line_interface.html#sec:command_line_warnings in the Gradle documentation.
302 actionable tasks: 7 executed, 295 up-to-date
[0m[0m
[36m[1minfo[22m[39m [0m[2m[2m≡ƒÆí Tip: Make sure that you have set up your development environment correctly, by running[22m[2m [0m[1mnpx react-native doctor[22m[2m[0m. [2mTo read more about doctor command visit: https://github.com/react-native-community/cli/blob/main/packages/cli-doctor/README.md#doctor 
[22m[2m[22m[0m
[0m********************************************************************************

WARNING: Setting `newArchEnabled=false` in your `gradle.properties` file is not
supported anymore since React Native 0.82.

You can remove the line from your `gradle.properties` file.

The application will run with the New Architecture enabled by default.

********************************************************************************


FAILURE: Build failed with an exception.

* What went wrong:
Execution failed for task ':app:configureCMakeDebug[arm64-v8a]'.
> [CXX1429] error when building with cmake using C:\Users\Densingh\Downloads\projects\reactnative\node_modules\react-native\ReactAndroid\cmake-utils\default-app-setup\CMakeLists.txt: -- The C compiler identification is Clang 18.0.2
  -- The CXX compiler identification is Clang 18.0.2
  -- Detecting C compiler ABI info
  -- Detecting C compiler ABI info - done
  -- Check for working C compiler: C:/Users/Densingh/AppData/Local/Android/Sdk/ndk/27.1.12297006/toolchains/llvm/prebuilt/windows-x86_64/bin/clang.exe - skipped
  -- Detecting C compile features
  -- Detecting C compile features - done
  -- Detecting CXX compiler ABI info
  -- Detecting CXX compiler ABI info - done
  -- Check for working CXX compiler: C:/Users/Densingh/AppData/Local/Android/Sdk/ndk/27.1.12297006/toolchains/llvm/prebuilt/windows-x86_64/bin/clang++.exe - skipped
  -- Detecting CXX compile features
  -- Detecting CXX compile features - done
  -- Configuring incomplete, errors occurred!
  See also "C:/Users/Densingh/Downloads/projects/reactnative/android/app/.cxx/Debug/3m6m5540/arm64-v8a/CMakeFiles/CMakeOutput.log".
  See also "C:/Users/Densingh/Downloads/projects/reactnative/android/app/.cxx/Debug/3m6m5540/arm64-v8a/CMakeFiles/CMakeError.log".
  
  C++ build system [configure] failed while executing:
      @echo off
      "C:\\Users\\Densingh\\AppData\\Local\\Android\\Sdk\\cmake\\3.22.1\\bin\\cmake.exe" ^
        "-HC:\\Users\\Densingh\\Downloads\\projects\\reactnative\\node_modules\\react-native\\ReactAndroid\\cmake-utils\\default-app-setup" ^
        "-DCMAKE_SYSTEM_NAME=Android" ^
        "-DCMAKE_EXPORT_COMPILE_COMMANDS=ON" ^
        "-DCMAKE_SYSTEM_VERSION=24" ^
        "-DANDROID_PLATFORM=android-24" ^
        "-DANDROID_ABI=arm64-v8a" ^
        "-DCMAKE_ANDROID_ARCH_ABI=arm64-v8a" ^
        "-DANDROID_NDK=C:\\Users\\Densingh\\AppData\\Local\\Android\\Sdk\\ndk\\27.1.12297006" ^
        "-DCMAKE_ANDROID_NDK=C:\\Users\\Densingh\\AppData\\Local\\Android\\Sdk\\ndk\\27.1.12297006" ^
        "-DCMAKE_TOOLCHAIN_FILE=C:\\Users\\Densingh\\AppData\\Local\\Android\\Sdk\\ndk\\27.1.12297006\\build\\cmake\\android.toolchain.cmake" ^
        "-DCMAKE_MAKE_PROGRAM=C:\\Users\\Densingh\\AppData\\Local\\Android\\Sdk\\cmake\\3.22.1\\bin\\ninja.exe" ^
        "-DCMAKE_LIBRARY_OUTPUT_DIRECTORY=C:\\Users\\Densingh\\Downloads\\projects\\reactnative\\android\\app\\build\\intermediates\\cxx\\Debug\\3m6m5540\\obj\\arm64-v8a" ^
        "-DCMAKE_RUNTIME_OUTPUT_DIRECTORY=C:\\Users\\Densingh\\Downloads\\projects\\reactnative\\android\\app\\build\\intermediates\\cxx\\Debug\\3m6m5540\\obj\\arm64-v8a" ^
        "-DCMAKE_BUILD_TYPE=Debug" ^
        "-DCMAKE_FIND_ROOT_PATH=C:\\Users\\Densingh\\Downloads\\projects\\reactnative\\android\\app\\.cxx\\Debug\\3m6m5540\\prefab\\arm64-v8a\\prefab" ^
        "-BC:\\Users\\Densingh\\Downloads\\projects\\reactnative\\android\\app\\.cxx\\Debug\\3m6m5540\\arm64-v8a" ^
        -GNinja ^
        "-DPROJECT_BUILD_DIR=C:\\Users\\Densingh\\Downloads\\projects\\reactnative\\android\\app\\build" ^
        "-DPROJECT_ROOT_DIR=C:\\Users\\Densingh\\Downloads\\projects\\reactnative\\android" ^
        "-DREACT_ANDROID_DIR=C:\\Users\\Densingh\\Downloads\\projects\\reactnative\\node_modules\\react-native\\ReactAndroid" ^
        "-DANDROID_STL=c++_shared" ^
        "-DANDROID_SUPPORT_FLEXIBLE_PAGE_SIZES=ON"
    from C:\Users\Densingh\Downloads\projects\reactnative\android\app
  CMake Error at C:/Users/Densingh/Downloads/projects/reactnative/android/app/build/generated/autolinking/src/main/jni/Android-autolinking.cmake:10 (add_subdirectory):
    add_subdirectory given source
    "C:/Users/Densingh/Downloads/projects/reactnative/node_modules/@react-native-community/blur/android/build/generated/source/codegen/jni/"
    which is not an existing directory.
  Call Stack (most recent call first):
    C:/Users/Densingh/Downloads/projects/reactnative/node_modules/react-native/ReactAndroid/cmake-utils/ReactNative-application.cmake:94 (include)
    CMakeLists.txt:31 (include)
  
  
  CMake Error at C:/Users/Densingh/Downloads/projects/reactnative/node_modules/react-native/ReactAndroid/cmake-utils/ReactNative-application.cmake:97 (target_link_libraries):
    Cannot specify link libraries for target "react_codegen_rnblurview" which
    is not built by this project.
  Call Stack (most recent call first):
    CMakeLists.txt:31 (include) : com.android.ide.common.process.ProcessException: -- The C compiler identification is Clang 18.0.2
  -- The CXX compiler identification is Clang 18.0.2
  -- Detecting C compiler ABI info
  -- Detecting C compiler ABI info - done
  -- Check for working C compiler: C:/Users/Densingh/AppData/Local/Android/Sdk/ndk/27.1.12297006/toolchains/llvm/prebuilt/windows-x86_64/bin/clang.exe - skipped
  -- Detecting C compile features
  -- Detecting C compile features - done
  -- Detecting CXX compiler ABI info
  -- Detecting CXX compiler ABI info - done
  -- Check for working CXX compiler: C:/Users/Densingh/AppData/Local/Android/Sdk/ndk/27.1.12297006/toolchains/llvm/prebuilt/windows-x86_64/bin/clang++.exe - skipped
  -- Detecting CXX compile features
  -- Detecting CXX compile features - done
  -- Configuring incomplete, errors occurred!
  See also "C:/Users/Densingh/Downloads/projects/reactnative/android/app/.cxx/Debug/3m6m5540/arm64-v8a/CMakeFiles/CMakeOutput.log".
  See also "C:/Users/Densingh/Downloads/projects/reactnative/android/app/.cxx/Debug/3m6m5540/arm64-v8a/CMakeFiles/CMakeError.log".
  
  C++ build system [configure] failed while executing:
      @echo off
      "C:\\Users\\Densingh\\AppData\\Local\\Android\\Sdk\\cmake\\3.22.1\\bin\\cmake.exe" ^
        "-HC:\\Users\\Densingh\\Downloads\\projects\\reactnative\\node_modules\\react-native\\ReactAndroid\\cmake-utils\\default-app-setup" ^
        "-DCMAKE_SYSTEM_NAME=Android" ^
        "-DCMAKE_EXPORT_COMPILE_COMMANDS=ON" ^
        "-DCMAKE_SYSTEM_VERSION=24" ^
        "-DANDROID_PLATFORM=android-24" ^
        "-DANDROID_ABI=arm64-v8a" ^
        "-DCMAKE_ANDROID_ARCH_ABI=arm64-v8a" ^
        "-DANDROID_NDK=C:\\Users\\Densingh\\AppData\\Local\\Android\\Sdk\\ndk\\27.1.12297006" ^
        "-DCMAKE_ANDROID_NDK=C:\\Users\\Densingh\\AppData\\Local\\Android\\Sdk\\ndk\\27.1.12297006" ^
        "-DCMAKE_TOOLCHAIN_FILE=C:\\Users\\Densingh\\AppData\\Local\\Android\\Sdk\\ndk\\27.1.12297006\\build\\cmake\\android.toolchain.cmake" ^
        "-DCMAKE_MAKE_PROGRAM=C:\\Users\\Densingh\\AppData\\Local\\Android\\Sdk\\cmake\\3.22.1\\bin\\ninja.exe" ^
        "-DCMAKE_LIBRARY_OUTPUT_DIRECTORY=C:\\Users\\Densingh\\Downloads\\projects\\reactnative\\android\\app\\build\\intermediates\\cxx\\Debug\\3m6m5540\\obj\\arm64-v8a" ^
        "-DCMAKE_RUNTIME_OUTPUT_DIRECTORY=C:\\Users\\Densingh\\Downloads\\projects\\reactnative\\android\\app\\build\\intermediates\\cxx\\Debug\\3m6m5540\\obj\\arm64-v8a" ^
        "-DCMAKE_BUILD_TYPE=Debug" ^
        "-DCMAKE_FIND_ROOT_PATH=C:\\Users\\Densingh\\Downloads\\projects\\reactnative\\android\\app\\.cxx\\Debug\\3m6m5540\\prefab\\arm64-v8a\\prefab" ^
        "-BC:\\Users\\Densingh\\Downloads\\projects\\reactnative\\android\\app\\.cxx\\Debug\\3m6m5540\\arm64-v8a" ^
        -GNinja ^
        "-DPROJECT_BUILD_DIR=C:\\Users\\Densingh\\Downloads\\projects\\reactnative\\android\\app\\build" ^
        "-DPROJECT_ROOT_DIR=C:\\Users\\Densingh\\Downloads\\projects\\reactnative\\android" ^
        "-DREACT_ANDROID_DIR=C:\\Users\\Densingh\\Downloads\\projects\\reactnative\\node_modules\\react-native\\ReactAndroid" ^
        "-DANDROID_STL=c++_shared" ^
        "-DANDROID_SUPPORT_FLEXIBLE_PAGE_SIZES=ON"
    from C:\Users\Densingh\Downloads\projects\reactnative\android\app
  CMake Error at C:/Users/Densingh/Downloads/projects/reactnative/android/app/build/generated/autolinking/src/main/jni/Android-autolinking.cmake:10 (add_subdirectory):
    add_subdirectory given source
    "C:/Users/Densingh/Downloads/projects/reactnative/node_modules/@react-native-community/blur/android/build/generated/source/codegen/jni/"
    which is not an existing directory.
  Call Stack (most recent call first):
    C:/Users/Densingh/Downloads/projects/reactnative/node_modules/react-native/ReactAndroid/cmake-utils/ReactNative-application.cmake:94 (include)
    CMakeLists.txt:31 (include)
  
  
  CMake Error at C:/Users/Densingh/Downloads/projects/reactnative/node_modules/react-native/ReactAndroid/cmake-utils/ReactNative-application.cmake:97 (target_link_libraries):
    Cannot specify link libraries for target "react_codegen_rnblurview" which
    is not built by this project.
  Call Stack (most recent call first):
    CMakeLists.txt:31 (include)
  	at com.android.build.gradle.internal.cxx.process.ExecuteProcessKt.execute(ExecuteProcess.kt:288)
  	at com.android.build.gradle.internal.cxx.process.ExecuteProcessKt$executeProcess$1.invoke(ExecuteProcess.kt:108)
  	at com.android.build.gradle.internal.cxx.process.ExecuteProcessKt$executeProcess$1.invoke(ExecuteProcess.kt:106)
  	at com.android.build.gradle.internal.cxx.timing.TimingEnvironmentKt.time(TimingEnvironment.kt:32)
  	at com.android.build.gradle.internal.cxx.process.ExecuteProcessKt.executeProcess(ExecuteProcess.kt:106)
  	at com.android.build.gradle.internal.cxx.process.ExecuteProcessKt.executeProcess$default(ExecuteProcess.kt:85)
  	at com.android.build.gradle.tasks.CmakeQueryMetadataGenerator.executeProcess(CmakeFileApiMetadataGenerator.kt:59)
  	at com.android.build.gradle.tasks.ExternalNativeJsonGenerator$configureOneAbi$1$1$3.invoke(ExternalNativeJsonGenerator.kt:247)
  	at com.android.build.gradle.tasks.ExternalNativeJsonGenerator$configureOneAbi$1$1$3.invoke(ExternalNativeJsonGenerator.kt:247)
  	at com.android.build.gradle.internal.cxx.timing.TimingEnvironmentKt.time(TimingEnvironment.kt:32)
  	at com.android.build.gradle.tasks.ExternalNativeJsonGenerator.configureOneAbi(ExternalNativeJsonGenerator.kt:247)
  	at com.android.build.gradle.tasks.ExternalNativeJsonGenerator.configure(ExternalNativeJsonGenerator.kt:113)
  	at com.android.build.gradle.tasks.ExternalNativeBuildJsonTask.doTaskAction(ExternalNativeBuildJsonTask.kt:89)
  	at com.android.build.gradle.internal.tasks.UnsafeOutputsTask$taskAction$$inlined$recordTaskAction$1.invoke(BaseTask.kt:59)
  	at com.android.build.gradle.internal.tasks.Blocks.recordSpan(Blocks.java:51)
  	at com.android.build.gradle.internal.tasks.UnsafeOutputsTask.taskAction(UnsafeOutputsTask.kt:81)
  	at jdk.internal.reflect.GeneratedMethodAccessor594.invoke(Unknown Source)
  	at java.base/jdk.internal.reflect.DelegatingMethodAccessorImpl.invoke(DelegatingMethodAccessorImpl.java:43)
  	at java.base/java.lang.reflect.Method.invoke(Method.java:568)
  	at org.gradle.internal.reflect.JavaMethod.invoke(JavaMethod.java:125)
  	at org.gradle.api.internal.project.taskfactory.StandardTaskAction.doExecute(StandardTaskAction.java:58)
  	at org.gradle.api.internal.project.taskfactory.StandardTaskAction.execute(StandardTaskAction.java:51)
  	at org.gradle.api.internal.project.taskfactory.StandardTaskAction.execute(StandardTaskAction.java:29)
  	at org.gradle.api.internal.tasks.execution.TaskExecution$3.run(TaskExecution.java:252)
  	at org.gradle.internal.operations.DefaultBuildOperationRunner$1.execute(DefaultBuildOperationRunner.java:29)
  	at org.gradle.internal.operations.DefaultBuildOperationRunner$1.execute(DefaultBuildOperationRunner.java:26)
  	at org.gradle.internal.operations.DefaultBuildOperationRunner$2.execute(DefaultBuildOperationRunner.java:66)
  	at org.gradle.internal.operations.DefaultBuildOperationRunner$2.execute(DefaultBuildOperationRunner.java:59)
  	at org.gradle.internal.operations.DefaultBuildOperationRunner.execute(DefaultBuildOperationRunner.java:166)
  	at org.gradle.internal.operations.DefaultBuildOperationRunner.execute(DefaultBuildOperationRunner.java:59)
  	at org.gradle.internal.operations.DefaultBuildOperationRunner.run(DefaultBuildOperationRunner.java:47)
  	at org.gradle.api.internal.tasks.execution.TaskExecution.executeAction(TaskExecution.java:237)
  	at org.gradle.api.internal.tasks.execution.TaskExecution.executeActions(TaskExecution.java:220)
  	at org.gradle.api.internal.tasks.execution.TaskExecution.executeWithPreviousOutputFiles(TaskExecution.java:203)
  	at org.gradle.api.internal.tasks.execution.TaskExecution.execute(TaskExecution.java:170)
  	at org.gradle.internal.execution.steps.ExecuteStep.executeInternal(ExecuteStep.java:105)
  	at org.gradle.internal.execution.steps.ExecuteStep.access$000(ExecuteStep.java:44)
  	at org.gradle.internal.execution.steps.ExecuteStep$1.call(ExecuteStep.java:59)
  	at org.gradle.internal.execution.steps.ExecuteStep$1.call(ExecuteStep.java:56)
  	at org.gradle.internal.operations.DefaultBuildOperationRunner$CallableBuildOperationWorker.execute(DefaultBuildOperationRunner.java:209)
  	at org.gradle.internal.operations.DefaultBuildOperationRunner$CallableBuildOperationWorker.execute(DefaultBuildOperationRunner.java:204)
  	at org.gradle.internal.operations.DefaultBuildOperationRunner$2.execute(DefaultBuildOperationRunner.java:66)
  	at org.gradle.internal.operations.DefaultBuildOperationRunner$2.execute(DefaultBuildOperationRunner.java:59)
  	at org.gradle.internal.operations.DefaultBuildOperationRunner.execute(DefaultBuildOperationRunner.java:166)
  	at org.gradle.internal.operations.DefaultBuildOperationRunner.execute(DefaultBuildOperationRunner.java:59)
  	at org.gradle.internal.operations.DefaultBuildOperationRunner.call(DefaultBuildOperationRunner.java:53)
  	at org.gradle.internal.execution.steps.ExecuteStep.execute(ExecuteStep.java:56)
  	at org.gradle.internal.execution.steps.ExecuteStep.execute(ExecuteStep.java:44)
  	at org.gradle.internal.execution.steps.CancelExecutionStep.execute(CancelExecutionStep.java:42)
  	at org.gradle.internal.execution.steps.TimeoutStep.executeWithoutTimeout(TimeoutStep.java:75)
  	at org.gradle.internal.execution.steps.TimeoutStep.execute(TimeoutStep.java:55)
  	at org.gradle.internal.execution.steps.PreCreateOutputParentsStep.execute(PreCreateOutputParentsStep.java:50)
  	at org.gradle.internal.execution.steps.PreCreateOutputParentsStep.execute(PreCreateOutputParentsStep.java:28)
  	at org.gradle.internal.execution.steps.RemovePreviousOutputsStep.execute(RemovePreviousOutputsStep.java:68)
  	at org.gradle.internal.execution.steps.RemovePreviousOutputsStep.execute(RemovePreviousOutputsStep.java:38)
  	at org.gradle.internal.execution.steps.BroadcastChangingOutputsStep.execute(BroadcastChangingOutputsStep.java:61)
  	at org.gradle.internal.execution.steps.BroadcastChangingOutputsStep.execute(BroadcastChangingOutputsStep.java:26)
  	at org.gradle.internal.execution.steps.CaptureOutputsAfterExecutionStep.execute(CaptureOutputsAfterExecutionStep.java:69)
  	at org.gradle.internal.execution.steps.CaptureOutputsAfterExecutionStep.execute(CaptureOutputsAfterExecutionStep.java:46)
  	at org.gradle.internal.execution.steps.ResolveInputChangesStep.execute(ResolveInputChangesStep.java:39)
  	at org.gradle.internal.execution.steps.ResolveInputChangesStep.execute(ResolveInputChangesStep.java:28)
  	at org.gradle.internal.execution.steps.BuildCacheStep.executeWithoutCache(BuildCacheStep.java:189)
  	at org.gradle.internal.execution.steps.BuildCacheStep.lambda$execute$1(BuildCacheStep.java:75)
  	at org.gradle.internal.Either$Right.fold(Either.java:176)
  	at org.gradle.internal.execution.caching.CachingState.fold(CachingState.java:62)
  	at org.gradle.internal.execution.steps.BuildCacheStep.execute(BuildCacheStep.java:73)
  	at org.gradle.internal.execution.steps.BuildCacheStep.execute(BuildCacheStep.java:48)
  	at org.gradle.internal.execution.steps.StoreExecutionStateStep.execute(StoreExecutionStateStep.java:46)
  	at org.gradle.internal.execution.steps.StoreExecutionStateStep.execute(StoreExecutionStateStep.java:35)
  	at org.gradle.internal.execution.steps.SkipUpToDateStep.executeBecause(SkipUpToDateStep.java:75)
  	at org.gradle.internal.execution.steps.SkipUpToDateStep.lambda$execute$2(SkipUpToDateStep.java:53)
  	at java.base/java.util.Optional.orElseGet(Optional.java:364)
  	at org.gradle.internal.execution.steps.SkipUpToDateStep.execute(SkipUpToDateStep.java:53)
  	at org.gradle.internal.execution.steps.SkipUpToDateStep.execute(SkipUpToDateStep.java:35)
  	at org.gradle.internal.execution.steps.legacy.MarkSnapshottingInputsFinishedStep.execute(MarkSnapshottingInputsFinishedStep.java:37)
  	at org.gradle.internal.execution.steps.legacy.MarkSnapshottingInputsFinishedStep.execute(MarkSnapshottingInputsFinishedStep.java:27)
  	at org.gradle.internal.execution.steps.ResolveIncrementalCachingStateStep.executeDelegate(ResolveIncrementalCachingStateStep.java:49)
  	at org.gradle.internal.execution.steps.ResolveIncrementalCachingStateStep.executeDelegate(ResolveIncrementalCachingStateStep.java:27)
  	at org.gradle.internal.execution.steps.AbstractResolveCachingStateStep.execute(AbstractResolveCachingStateStep.java:71)
  	at org.gradle.internal.execution.steps.AbstractResolveCachingStateStep.execute(AbstractResolveCachingStateStep.java:39)
  	at org.gradle.internal.execution.steps.ResolveChangesStep.execute(ResolveChangesStep.java:64)
  	at org.gradle.internal.execution.steps.ResolveChangesStep.execute(ResolveChangesStep.java:35)
  	at org.gradle.internal.execution.steps.ValidateStep.execute(ValidateStep.java:62)
  	at org.gradle.internal.execution.steps.ValidateStep.execute(ValidateStep.java:40)
  	at org.gradle.internal.execution.steps.AbstractCaptureStateBeforeExecutionStep.execute(AbstractCaptureStateBeforeExecutionStep.java:76)
  	at org.gradle.internal.execution.steps.AbstractCaptureStateBeforeExecutionStep.execute(AbstractCaptureStateBeforeExecutionStep.java:45)
  	at org.gradle.internal.execution.steps.AbstractSkipEmptyWorkStep.executeWithNonEmptySources(AbstractSkipEmptyWorkStep.java:136)
  	at org.gradle.internal.execution.steps.AbstractSkipEmptyWorkStep.execute(AbstractSkipEmptyWorkStep.java:61)
  	at org.gradle.internal.execution.steps.AbstractSkipEmptyWorkStep.execute(AbstractSkipEmptyWorkStep.java:38)
  	at org.gradle.internal.execution.steps.legacy.MarkSnapshottingInputsStartedStep.execute(MarkSnapshottingInputsStartedStep.java:38)
  	at org.gradle.internal.execution.steps.LoadPreviousExecutionStateStep.execute(LoadPreviousExecutionStateStep.java:36)
  	at org.gradle.internal.execution.steps.LoadPreviousExecutionStateStep.execute(LoadPreviousExecutionStateStep.java:23)
  	at org.gradle.internal.execution.steps.HandleStaleOutputsStep.execute(HandleStaleOutputsStep.java:75)
  	at org.gradle.internal.execution.steps.HandleStaleOutputsStep.execute(HandleStaleOutputsStep.java:41)
  	at org.gradle.internal.execution.steps.AssignMutableWorkspaceStep.lambda$execute$0(AssignMutableWorkspaceStep.java:35)
  	at org.gradle.api.internal.tasks.execution.TaskExecution$4.withWorkspace(TaskExecution.java:297)
  	at org.gradle.internal.execution.steps.AssignMutableWorkspaceStep.execute(AssignMutableWorkspaceStep.java:31)
  	at org.gradle.internal.execution.steps.AssignMutableWorkspaceStep.execute(AssignMutableWorkspaceStep.java:22)
  	at org.gradle.internal.execution.steps.ChoosePipelineStep.execute(ChoosePipelineStep.java:40)
  	at org.gradle.internal.execution.steps.ChoosePipelineStep.execute(ChoosePipelineStep.java:23)
  	at org.gradle.internal.execution.steps.ExecuteWorkBuildOperationFiringStep.lambda$execute$2(ExecuteWorkBuildOperationFiringStep.java:67)
  	at java.base/java.util.Optional.orElseGet(Optional.java:364)
  	at org.gradle.internal.execution.steps.ExecuteWorkBuildOperationFiringStep.execute(ExecuteWorkBuildOperationFiringStep.java:67)
  	at org.gradle.internal.execution.steps.ExecuteWorkBuildOperationFiringStep.execute(ExecuteWorkBuildOperationFiringStep.java:39)
  	at org.gradle.internal.execution.steps.IdentityCacheStep.execute(IdentityCacheStep.java:46)
  	at org.gradle.internal.execution.steps.IdentityCacheStep.execute(IdentityCacheStep.java:34)
  	at org.gradle.internal.execution.steps.IdentifyStep.execute(IdentifyStep.java:47)
  	at org.gradle.internal.execution.steps.IdentifyStep.execute(IdentifyStep.java:34)
  	at org.gradle.internal.execution.impl.DefaultExecutionEngine$1.execute(DefaultExecutionEngine.java:64)
  	at org.gradle.api.internal.tasks.execution.ExecuteActionsTaskExecuter.executeIfValid(ExecuteActionsTaskExecuter.java:132)
  	at org.gradle.api.internal.tasks.execution.ExecuteActionsTaskExecuter.execute(ExecuteActionsTaskExecuter.java:121)
  	at org.gradle.api.internal.tasks.execution.ProblemsTaskPathTrackingTaskExecuter.execute(ProblemsTaskPathTrackingTaskExecuter.java:41)
  	at org.gradle.api.internal.tasks.execution.FinalizePropertiesTaskExecuter.execute(FinalizePropertiesTaskExecuter.java:46)
  	at org.gradle.api.internal.tasks.execution.ResolveTaskExecutionModeExecuter.execute(ResolveTaskExecutionModeExecuter.java:51)
  	at org.gradle.api.internal.tasks.execution.SkipTaskWithNoActionsExecuter.execute(SkipTaskWithNoActionsExecuter.java:57)
  	at org.gradle.api.internal.tasks.execution.SkipOnlyIfTaskExecuter.execute(SkipOnlyIfTaskExecuter.java:74)
  	at org.gradle.api.internal.tasks.execution.CatchExceptionTaskExecuter.execute(CatchExceptionTaskExecuter.java:36)
  	at org.gradle.api.internal.tasks.execution.EventFiringTaskExecuter$1.executeTask(EventFiringTaskExecuter.java:77)
  	at org.gradle.api.internal.tasks.execution.EventFiringTaskExecuter$1.call(EventFiringTaskExecuter.java:55)
  	at org.gradle.api.internal.tasks.execution.EventFiringTaskExecuter$1.call(EventFiringTaskExecuter.java:52)
  	at org.gradle.internal.operations.DefaultBuildOperationRunner$CallableBuildOperationWorker.execute(DefaultBuildOperationRunner.java:209)
  	at org.gradle.internal.operations.DefaultBuildOperationRunner$CallableBuildOperationWorker.execute(DefaultBuildOperationRunner.java:204)
  	at org.gradle.internal.operations.DefaultBuildOperationRunner$2.execute(DefaultBuildOperationRunner.java:66)
  	at org.gradle.internal.operations.DefaultBuildOperationRunner$2.execute(DefaultBuildOperationRunner.java:59)
  	at org.gradle.internal.operations.DefaultBuildOperationRunner.execute(DefaultBuildOperationRunner.java:166)
  	at org.gradle.internal.operations.DefaultBuildOperationRunner.execute(DefaultBuildOperationRunner.java:59)
  	at org.gradle.internal.operations.DefaultBuildOperationRunner.call(DefaultBuildOperationRunner.java:53)
  	at org.gradle.api.internal.tasks.execution.EventFiringTaskExecuter.execute(EventFiringTaskExecuter.java:52)
  	at org.gradle.execution.plan.LocalTaskNodeExecutor.execute(LocalTaskNodeExecutor.java:45)
  	at org.gradle.execution.taskgraph.DefaultTaskExecutionGraph$InvokeNodeExecutorsAction.execute(DefaultTaskExecutionGraph.java:347)
  	at org.gradle.execution.taskgraph.DefaultTaskExecutionGraph$InvokeNodeExecutorsAction.execute(DefaultTaskExecutionGraph.java:334)
  	at org.gradle.execution.taskgraph.DefaultTaskExecutionGraph$BuildOperationAwareExecutionAction.lambda$execute$0(DefaultTaskExecutionGraph.java:330)
  	at org.gradle.internal.operations.CurrentBuildOperationRef.with(CurrentBuildOperationRef.java:84)
  	at org.gradle.execution.taskgraph.DefaultTaskExecutionGraph$BuildOperationAwareExecutionAction.execute(DefaultTaskExecutionGraph.java:330)
  	at org.gradle.execution.taskgraph.DefaultTaskExecutionGraph$BuildOperationAwareExecutionAction.execute(DefaultTaskExecutionGraph.java:319)
  	at org.gradle.execution.plan.DefaultPlanExecutor$ExecutorWorker.execute(DefaultPlanExecutor.java:459)
  	at org.gradle.execution.plan.DefaultPlanExecutor$ExecutorWorker.run(DefaultPlanExecutor.java:376)
  	at org.gradle.internal.concurrent.ExecutorPolicy$CatchAndRecordFailures.onExecute(ExecutorPolicy.java:64)
  	at org.gradle.internal.concurrent.AbstractManagedExecutor$1.run(AbstractManagedExecutor.java:47)
  	at java.base/java.util.concurrent.ThreadPoolExecutor.runWorker(ThreadPoolExecutor.java:1136)
  	at java.base/java.util.concurrent.ThreadPoolExecutor$Worker.run(ThreadPoolExecutor.java:635)
  	at java.base/java.lang.Thread.run(Thread.java:842)
  Caused by: com.android.ide.common.process.ProcessException: Error while executing process C:\Users\Densingh\AppData\Local\Android\Sdk\cmake\3.22.1\bin\cmake.exe with arguments {-HC:\Users\Densingh\Downloads\projects\reactnative\node_modules\react-native\ReactAndroid\cmake-utils\default-app-setup -DCMAKE_SYSTEM_NAME=Android -DCMAKE_EXPORT_COMPILE_COMMANDS=ON -DCMAKE_SYSTEM_VERSION=24 -DANDROID_PLATFORM=android-24 -DANDROID_ABI=arm64-v8a -DCMAKE_ANDROID_ARCH_ABI=arm64-v8a -DANDROID_NDK=C:\Users\Densingh\AppData\Local\Android\Sdk\ndk\27.1.12297006 -DCMAKE_ANDROID_NDK=C:\Users\Densingh\AppData\Local\Android\Sdk\ndk\27.1.12297006 -DCMAKE_TOOLCHAIN_FILE=C:\Users\Densingh\AppData\Local\Android\Sdk\ndk\27.1.12297006\build\cmake\android.toolchain.cmake -DCMAKE_MAKE_PROGRAM=C:\Users\Densingh\AppData\Local\Android\Sdk\cmake\3.22.1\bin\ninja.exe -DCMAKE_LIBRARY_OUTPUT_DIRECTORY=C:\Users\Densingh\Downloads\projects\reactnative\android\app\build\intermediates\cxx\Debug\3m6m5540\obj\arm64-v8a -DCMAKE_RUNTIME_OUTPUT_DIRECTORY=C:\Users\Densingh\Downloads\projects\reactnative\android\app\build\intermediates\cxx\Debug\3m6m5540\obj\arm64-v8a -DCMAKE_BUILD_TYPE=Debug -DCMAKE_FIND_ROOT_PATH=C:\Users\Densingh\Downloads\projects\reactnative\android\app\.cxx\Debug\3m6m5540\prefab\arm64-v8a\prefab -BC:\Users\Densingh\Downloads\projects\reactnative\android\app\.cxx\Debug\3m6m5540\arm64-v8a -GNinja -DPROJECT_BUILD_DIR=C:\Users\Densingh\Downloads\projects\reactnative\android\app\build -DPROJECT_ROOT_DIR=C:\Users\Densingh\Downloads\projects\reactnative\android -DREACT_ANDROID_DIR=C:\Users\Densingh\Downloads\projects\reactnative\node_modules\react-native\ReactAndroid -DANDROID_STL=c++_shared -DANDROID_SUPPORT_FLEXIBLE_PAGE_SIZES=ON}
  	at com.android.build.gradle.internal.process.GradleProcessResult.buildProcessException(GradleProcessResult.java:73)
  	at com.android.build.gradle.internal.process.GradleProcessResult.assertNormalExitValue(GradleProcessResult.java:48)
  	at com.android.build.gradle.internal.cxx.process.ExecuteProcessKt.execute(ExecuteProcess.kt:277)
  	... 141 more
  Caused by: org.gradle.process.ProcessExecutionException: Process 'command 'C:\Users\Densingh\AppData\Local\Android\Sdk\cmake\3.22.1\bin\cmake.exe'' finished with non-zero exit value 1
  	at org.gradle.process.internal.DefaultExecHandle$ExecResultImpl.assertNormalExitValue(DefaultExecHandle.java:443)
  	at com.android.build.gradle.internal.process.GradleProcessResult.assertNormalExitValue(GradleProcessResult.java:46)
  	... 142 more


* Try:
> Run with --stacktrace option to get the stack trace.
> Run with --info or --debug option to get more log output.
> Run with --scan to generate a Build Scan (Powered by Develocity).
> Get more help at https://help.gradle.org.

BUILD FAILED in 11s[0m
node.exe : [31m[1me
rror[22m[39m 
[0mFailed to 
install the app. 
Command failed with 
exit code 1: 
gradlew.bat 
app:installDebug -Pre
actNativeDevServerPor
t=8081
At C:\Program Files\n
odejs\npm.ps1:29 
char:3
+   & $NODE_EXE 
$NPM_CLI_JS $args
+   ~~~~~~~~~~~~~~~~~
~~~~~~~~~~~~
    + CategoryInfo   
           : NotSpe  
  cified: ([31m[   
 1merror...Serve    
rPort=8081:Strin    
g) [], RemoteExc    
eption
    + FullyQualified 
   ErrorId : Native  
  CommandError
 
*********************
*********************
*********************
***************** 
WARNING: Setting `new
ArchEnabled=false` 
in your 
`gradle.properties` 
file is not
supported anymore 
since React Native 
0.82. You can remove 
the line from your 
`gradle.properties` 
file. The 
application will run 
with the New 
Architecture enabled 
by default. *********
*********************
*********************
*********************
******** FAILURE: 
Build failed with an 
exception. * What 
went wrong: 
Execution failed for 
task ':app:configureC
MakeDebug[arm64-v8a]'
. > [CXX1429] error 
when building with 
cmake using C:\Users\
Densingh\Downloads\pr
ojects\reactnative\no
de_modules\react-nati
ve\ReactAndroid\cmake
-utils\default-app-se
tup\CMakeLists.txt: 
-- The C compiler 
identification is 
Clang 18.0.2 -- The 
CXX compiler 
identification is 
Clang 18.0.2 -- 
Detecting C compiler 
ABI info -- 
Detecting C compiler 
ABI info - done -- 
Check for working C 
compiler: C:/Users/De
nsingh/AppData/Local/
Android/Sdk/ndk/27.1.
12297006/toolchains/l
lvm/prebuilt/windows-
x86_64/bin/clang.exe 
- skipped -- 
Detecting C compile 
features -- 
Detecting C compile 
features - done -- 
Detecting CXX 
compiler ABI info -- 
Detecting CXX 
compiler ABI info - 
done -- Check for 
working CXX 
compiler: C:/Users/De
nsingh/AppData/Local/
Android/Sdk/ndk/27.1.
12297006/toolchains/l
lvm/prebuilt/windows-
x86_64/bin/clang++.ex
e - skipped -- 
Detecting CXX 
compile features -- 
Detecting CXX 
compile features - 
done -- Configuring 
incomplete, errors 
occurred! See also "C
:/Users/Densingh/Down
loads/projects/reactn
ative/android/app/.cx
x/Debug/3m6m5540/arm6
4-v8a/CMakeFiles/CMak
eOutput.log". See 
also "C:/Users/Densin
gh/Downloads/projects
/reactnative/android/
app/.cxx/Debug/3m6m55
40/arm64-v8a/CMakeFil
es/CMakeError.log". 
C++ build system 
[configure] failed 
while executing: 
@echo off "C:\\Users\
\Densingh\\AppData\\L
ocal\\Android\\Sdk\\c
make\\3.22.1\\bin\\cm
ake.exe" ^ "-HC:\\Use
rs\\Densingh\\Downloa
ds\\projects\\reactna
tive\\node_modules\\r
eact-native\\ReactAnd
roid\\cmake-utils\\de
fault-app-setup" ^ "-
DCMAKE_SYSTEM_NAME=An
droid" ^ "-DCMAKE_EXP
ORT_COMPILE_COMMANDS=
ON" ^ "-DCMAKE_SYSTEM
_VERSION=24" ^ "-DAND
ROID_PLATFORM=android
-24" ^ "-DANDROID_ABI
=arm64-v8a" ^ "-DCMAK
E_ANDROID_ARCH_ABI=ar
m64-v8a" ^ "-DANDROID
_NDK=C:\\Users\\Densi
ngh\\AppData\\Local\\
Android\\Sdk\\ndk\\27
.1.12297006" ^ "-DCMA
KE_ANDROID_NDK=C:\\Us
ers\\Densingh\\AppDat
a\\Local\\Android\\Sd
k\\ndk\\27.1.12297006
" ^ "-DCMAKE_TOOLCHAI
N_FILE=C:\\Users\\Den
singh\\AppData\\Local
\\Android\\Sdk\\ndk\\
27.1.12297006\\build\
\cmake\\android.toolc
hain.cmake" ^ "-DCMAK
E_MAKE_PROGRAM=C:\\Us
ers\\Densingh\\AppDat
a\\Local\\Android\\Sd
k\\cmake\\3.22.1\\bin
\\ninja.exe" ^ "-DCMA
KE_LIBRARY_OUTPUT_DIR
ECTORY=C:\\Users\\Den
singh\\Downloads\\pro
jects\\reactnative\\a
ndroid\\app\\build\\i
ntermediates\\cxx\\De
bug\\3m6m5540\\obj\\a
rm64-v8a" ^ "-DCMAKE_
RUNTIME_OUTPUT_DIRECT
ORY=C:\\Users\\Densin
gh\\Downloads\\projec
ts\\reactnative\\andr
oid\\app\\build\\inte
rmediates\\cxx\\Debug
\\3m6m5540\\obj\\arm6
4-v8a" ^ "-DCMAKE_BUI
LD_TYPE=Debug" ^ "-DC
MAKE_FIND_ROOT_PATH=C
:\\Users\\Densingh\\D
ownloads\\projects\\r
eactnative\\android\\
app\\.cxx\\Debug\\3m6
m5540\\prefab\\arm64-
v8a\\prefab" ^ "-BC:\
\Users\\Densingh\\Dow
nloads\\projects\\rea
ctnative\\android\\ap
p\\.cxx\\Debug\\3m6m5
540\\arm64-v8a" ^ 
-GNinja ^ "-DPROJECT_
BUILD_DIR=C:\\Users\\
Densingh\\Downloads\\
projects\\reactnative
\\android\\app\\build
" ^ "-DPROJECT_ROOT_D
IR=C:\\Users\\Densing
h\\Downloads\\project
s\\reactnative\\andro
id" ^ "-DREACT_ANDROI
D_DIR=C:\\Users\\Dens
ingh\\Downloads\\proj
ects\\reactnative\\no
de_modules\\react-nat
ive\\ReactAndroid" ^ 
"-DANDROID_STL=c++_sh
ared" ^ "-DANDROID_SU
PPORT_FLEXIBLE_PAGE_S
IZES=ON" from C:\User
s\Densingh\Downloads\
projects\reactnative\
android\app CMake 
Error at C:/Users/Den
singh/Downloads/proje
cts/reactnative/andro
id/app/build/generate
d/autolinking/src/mai
n/jni/Android-autolin
king.cmake:10 
(add_subdirectory): 
add_subdirectory 
given source "C:/User
s/Densingh/Downloads/
projects/reactnative/
node_modules/@react-n
ative-community/blur/
android/build/generat
ed/source/codegen/jni
/" which is not an 
existing directory. 
Call Stack (most 
recent call first): C
:/Users/Densingh/Down
loads/projects/reactn
ative/node_modules/re
act-native/ReactAndro
id/cmake-utils/ReactN
ative-application.cma
ke:94 (include) 
CMakeLists.txt:31 
(include) CMake 
Error at C:/Users/Den
singh/Downloads/proje
cts/reactnative/node_
modules/react-native/
ReactAndroid/cmake-ut
ils/ReactNative-appli
cation.cmake:97 (targ
et_link_libraries): 
Cannot specify link 
libraries for target 
"react_codegen_rnblur
view" which is not 
built by this 
project. Call Stack 
(most recent call 
first): 
CMakeLists.txt:31 
(include) : com.andro
id.ide.common.process
.ProcessException: 
-- The C compiler 
identification is 
Clang 18.0.2 -- The 
CXX compiler 
identification is 
Clang 18.0.2 -- 
Detecting C compiler 
ABI info -- 
Detecting C compiler 
ABI info - done -- 
Check for working C 
compiler: C:/Users/De
nsingh/AppData/Local/
Android/Sdk/ndk/27.1.
12297006/toolchains/l
lvm/prebuilt/windows-
x86_64/bin/clang.exe 
- skipped -- 
Detecting C compile 
features -- 
Detecting C compile 
features - done -- 
Detecting CXX 
compiler ABI info -- 
Detecting CXX 
compiler ABI info - 
done -- Check for 
working CXX 
compiler: C:/Users/De
nsingh/AppData/Local/
Android/Sdk/ndk/27.1.
12297006/toolchains/l
lvm/prebuilt/windows-
x86_64/bin/clang++.ex
e - skipped -- 
Detecting CXX 
compile features -- 
Detecting CXX 
compile features - 
done -- Configuring 
incomplete, errors 
occurred! See also "C
:/Users/Densingh/Down
loads/projects/reactn
ative/android/app/.cx
x/Debug/3m6m5540/arm6
4-v8a/CMakeFiles/CMak
eOutput.log". See 
also "C:/Users/Densin
gh/Downloads/projects
/reactnative/android/
app/.cxx/Debug/3m6m55
40/arm64-v8a/CMakeFil
es/CMakeError.log". 
C++ build system 
[configure] failed 
while executing: 
@echo off "C:\\Users\
\Densingh\\AppData\\L
ocal\\Android\\Sdk\\c
make\\3.22.1\\bin\\cm
ake.exe" ^ "-HC:\\Use
rs\\Densingh\\Downloa
ds\\projects\\reactna
tive\\node_modules\\r
eact-native\\ReactAnd
roid\\cmake-utils\\de
fault-app-setup" ^ "-
DCMAKE_SYSTEM_NAME=An
droid" ^ "-DCMAKE_EXP
ORT_COMPILE_COMMANDS=
ON" ^ "-DCMAKE_SYSTEM
_VERSION=24" ^ "-DAND
ROID_PLATFORM=android
-24" ^ "-DANDROID_ABI
=arm64-v8a" ^ "-DCMAK
E_ANDROID_ARCH_ABI=ar
m64-v8a" ^ "-DANDROID
_NDK=C:\\Users\\Densi
ngh\\AppData\\Local\\
Android\\Sdk\\ndk\\27
.1.12297006" ^ "-DCMA
KE_ANDROID_NDK=C:\\Us
ers\\Densingh\\AppDat
a\\Local\\Android\\Sd
k\\ndk\\27.1.12297006
" ^ "-DCMAKE_TOOLCHAI
N_FILE=C:\\Users\\Den
singh\\AppData\\Local
\\Android\\Sdk\\ndk\\
27.1.12297006\\build\
\cmake\\android.toolc
hain.cmake" ^ "-DCMAK
E_MAKE_PROGRAM=C:\\Us
ers\\Densingh\\AppDat
a\\Local\\Android\\Sd
k\\cmake\\3.22.1\\bin
\\ninja.exe" ^ "-DCMA
KE_LIBRARY_OUTPUT_DIR
ECTORY=C:\\Users\\Den
singh\\Downloads\\pro
jects\\reactnative\\a
ndroid\\app\\build\\i
ntermediates\\cxx\\De
bug\\3m6m5540\\obj\\a
rm64-v8a" ^ "-DCMAKE_
RUNTIME_OUTPUT_DIRECT
ORY=C:\\Users\\Densin
gh\\Downloads\\projec
ts\\reactnative\\andr
oid\\app\\build\\inte
rmediates\\cxx\\Debug
\\3m6m5540\\obj\\arm6
4-v8a" ^ "-DCMAKE_BUI
LD_TYPE=Debug" ^ "-DC
MAKE_FIND_ROOT_PATH=C
:\\Users\\Densingh\\D
ownloads\\projects\\r
eactnative\\android\\
app\\.cxx\\Debug\\3m6
m5540\\prefab\\arm64-
v8a\\prefab" ^ "-BC:\
\Users\\Densingh\\Dow
nloads\\projects\\rea
ctnative\\android\\ap
p\\.cxx\\Debug\\3m6m5
540\\arm64-v8a" ^ 
-GNinja ^ "-DPROJECT_
BUILD_DIR=C:\\Users\\
Densingh\\Downloads\\
projects\\reactnative
\\android\\app\\build
" ^ "-DPROJECT_ROOT_D
IR=C:\\Users\\Densing
h\\Downloads\\project
s\\reactnative\\andro
id" ^ "-DREACT_ANDROI
D_DIR=C:\\Users\\Dens
ingh\\Downloads\\proj
ects\\reactnative\\no
de_modules\\react-nat
ive\\ReactAndroid" ^ 
"-DANDROID_STL=c++_sh
ared" ^ "-DANDROID_SU
PPORT_FLEXIBLE_PAGE_S
IZES=ON" from C:\User
s\Densingh\Downloads\
projects\reactnative\
android\app CMake 
Error at C:/Users/Den
singh/Downloads/proje
cts/reactnative/andro
id/app/build/generate
d/autolinking/src/mai
n/jni/Android-autolin
king.cmake:10 
(add_subdirectory): 
add_subdirectory 
given source "C:/User
s/Densingh/Downloads/
projects/reactnative/
node_modules/@react-n
ative-community/blur/
android/build/generat
ed/source/codegen/jni
/" which is not an 
existing directory. 
Call Stack (most 
recent call first): C
:/Users/Densingh/Down
loads/projects/reactn
ative/node_modules/re
act-native/ReactAndro
id/cmake-utils/ReactN
ative-application.cma
ke:94 (include) 
CMakeLists.txt:31 
(include) CMake 
Error at C:/Users/Den
singh/Downloads/proje
cts/reactnative/node_
modules/react-native/
ReactAndroid/cmake-ut
ils/ReactNative-appli
cation.cmake:97 (targ
et_link_libraries): 
Cannot specify link 
libraries for target 
"react_codegen_rnblur
view" which is not 
built by this 
project. Call Stack 
(most recent call 
first): 
CMakeLists.txt:31 
(include) at com.andr
oid.build.gradle.inte
rnal.cxx.process.Exec
uteProcessKt.execute(
ExecuteProcess.kt:288
) at com.android.buil
d.gradle.internal.cxx
.process.ExecuteProce
ssKt$executeProcess$1
.invoke(ExecuteProces
s.kt:108) at com.andr
oid.build.gradle.inte
rnal.cxx.process.Exec
uteProcessKt$executeP
rocess$1.invoke(Execu
teProcess.kt:106) at 
com.android.build.gra
dle.internal.cxx.timi
ng.TimingEnvironmentK
t.time(TimingEnvironm
ent.kt:32) at com.and
roid.build.gradle.int
ernal.cxx.process.Exe
cuteProcessKt.execute
Process(ExecuteProces
s.kt:106) at com.andr
oid.build.gradle.inte
rnal.cxx.process.Exec
uteProcessKt.executeP
rocess$default(Execut
eProcess.kt:85) at co
m.android.build.gradl
e.tasks.CmakeQueryMet
adataGenerator.execut
eProcess(CmakeFileApi
MetadataGenerator.kt:
59) at com.android.bu
ild.gradle.tasks.Exte
rnalNativeJsonGenerat
or$configureOneAbi$1$
1$3.invoke(ExternalNa
tiveJsonGenerator.kt:
247) at com.android.b
uild.gradle.tasks.Ext
ernalNativeJsonGenera
tor$configureOneAbi$1
$1$3.invoke(ExternalN
ativeJsonGenerator.kt
:247) at com.android.
build.gradle.internal
.cxx.timing.TimingEnv
ironmentKt.time(Timin
gEnvironment.kt:32) 
at com.android.build.
gradle.tasks.External
NativeJsonGenerator.c
onfigureOneAbi(Extern
alNativeJsonGenerator
.kt:247) at com.andro
id.build.gradle.tasks
.ExternalNativeJsonGe
nerator.configure(Ext
ernalNativeJsonGenera
tor.kt:113) at com.an
droid.build.gradle.ta
sks.ExternalNativeBui
ldJsonTask.doTaskActi
on(ExternalNativeBuil
dJsonTask.kt:89) at c
om.android.build.grad
le.internal.tasks.Uns
afeOutputsTask$taskAc
tion$$inlined$recordT
askAction$1.invoke(Ba
seTask.kt:59) at com.
android.build.gradle.
internal.tasks.Blocks
.recordSpan(Blocks.ja
va:51) at com.android
.build.gradle.interna
l.tasks.UnsafeOutputs
Task.taskAction(Unsaf
eOutputsTask.kt:81) 
at jdk.internal.refle
ct.GeneratedMethodAcc
essor594.invoke(Unkno
wn Source) at java.ba
se/jdk.internal.refle
ct.DelegatingMethodAc
cessorImpl.invoke(Del
egatingMethodAccessor
Impl.java:43) at java
.base/java.lang.refle
ct.Method.invoke(Meth
od.java:568) at org.g
radle.internal.reflec
t.JavaMethod.invoke(J
avaMethod.java:125) 
at org.gradle.api.int
ernal.project.taskfac
tory.StandardTaskActi
on.doExecute(Standard
TaskAction.java:58) 
at org.gradle.api.int
ernal.project.taskfac
tory.StandardTaskActi
on.execute(StandardTa
skAction.java:51) at 
org.gradle.api.intern
al.project.taskfactor
y.StandardTaskAction.
execute(StandardTaskA
ction.java:29) at org
.gradle.api.internal.
tasks.execution.TaskE
xecution$3.run(TaskEx
ecution.java:252) at 
org.gradle.internal.o
perations.DefaultBuil
dOperationRunner$1.ex
ecute(DefaultBuildOpe
rationRunner.java:29)
 at org.gradle.intern
al.operations.Default
BuildOperationRunner$
1.execute(DefaultBuil
dOperationRunner.java
:26) at org.gradle.in
ternal.operations.Def
aultBuildOperationRun
ner$2.execute(Default
BuildOperationRunner.
java:66) at org.gradl
e.internal.operations
.DefaultBuildOperatio
nRunner$2.execute(Def
aultBuildOperationRun
ner.java:59) at org.g
radle.internal.operat
ions.DefaultBuildOper
ationRunner.execute(D
efaultBuildOperationR
unner.java:166) at or
g.gradle.internal.ope
rations.DefaultBuildO
perationRunner.execut
e(DefaultBuildOperati
onRunner.java:59) at 
org.gradle.internal.o
perations.DefaultBuil
dOperationRunner.run(
DefaultBuildOperation
Runner.java:47) at or
g.gradle.api.internal
.tasks.execution.Task
Execution.executeActi
on(TaskExecution.java
:237) at org.gradle.a
pi.internal.tasks.exe
cution.TaskExecution.
executeActions(TaskEx
ecution.java:220) at 
org.gradle.api.intern
al.tasks.execution.Ta
skExecution.executeWi
thPreviousOutputFiles
(TaskExecution.java:2
03) at org.gradle.api
.internal.tasks.execu
tion.TaskExecution.ex
ecute(TaskExecution.j
ava:170) at org.gradl
e.internal.execution.
steps.ExecuteStep.exe
cuteInternal(ExecuteS
tep.java:105) at org.
gradle.internal.execu
tion.steps.ExecuteSte
p.access$000(ExecuteS
tep.java:44) at org.g
radle.internal.execut
ion.steps.ExecuteStep
$1.call(ExecuteStep.j
ava:59) at org.gradle
.internal.execution.s
teps.ExecuteStep$1.ca
ll(ExecuteStep.java:5
6) at org.gradle.inte
rnal.operations.Defau
ltBuildOperationRunne
r$CallableBuildOperat
ionWorker.execute(Def
aultBuildOperationRun
ner.java:209) at org.
gradle.internal.opera
tions.DefaultBuildOpe
rationRunner$Callable
BuildOperationWorker.
execute(DefaultBuildO
perationRunner.java:2
04) at org.gradle.int
ernal.operations.Defa
ultBuildOperationRunn
er$2.execute(DefaultB
uildOperationRunner.j
ava:66) at org.gradle
.internal.operations.
DefaultBuildOperation
Runner$2.execute(Defa
ultBuildOperationRunn
er.java:59) at org.gr
adle.internal.operati
ons.DefaultBuildOpera
tionRunner.execute(De
faultBuildOperationRu
nner.java:166) at org
.gradle.internal.oper
ations.DefaultBuildOp
erationRunner.execute
(DefaultBuildOperatio
nRunner.java:59) at o
rg.gradle.internal.op
erations.DefaultBuild
OperationRunner.call(
DefaultBuildOperation
Runner.java:53) at or
g.gradle.internal.exe
cution.steps.ExecuteS
tep.execute(ExecuteSt
ep.java:56) at org.gr
adle.internal.executi
on.steps.ExecuteStep.
execute(ExecuteStep.j
ava:44) at org.gradle
.internal.execution.s
teps.CancelExecutionS
tep.execute(CancelExe
cutionStep.java:42) 
at org.gradle.interna
l.execution.steps.Tim
eoutStep.executeWitho
utTimeout(TimeoutStep
.java:75) at org.grad
le.internal.execution
.steps.TimeoutStep.ex
ecute(TimeoutStep.jav
a:55) at org.gradle.i
nternal.execution.ste
ps.PreCreateOutputPar
entsStep.execute(PreC
reateOutputParentsSte
p.java:50) at org.gra
dle.internal.executio
n.steps.PreCreateOutp
utParentsStep.execute
(PreCreateOutputParen
tsStep.java:28) at or
g.gradle.internal.exe
cution.steps.RemovePr
eviousOutputsStep.exe
cute(RemovePreviousOu
tputsStep.java:68) 
at org.gradle.interna
l.execution.steps.Rem
ovePreviousOutputsSte
p.execute(RemovePrevi
ousOutputsStep.java:3
8) at org.gradle.inte
rnal.execution.steps.
BroadcastChangingOutp
utsStep.execute(Broad
castChangingOutputsSt
ep.java:61) at org.gr
adle.internal.executi
on.steps.BroadcastCha
ngingOutputsStep.exec
ute(BroadcastChanging
OutputsStep.java:26) 
at org.gradle.interna
l.execution.steps.Cap
tureOutputsAfterExecu
tionStep.execute(Capt
ureOutputsAfterExecut
ionStep.java:69) at o
rg.gradle.internal.ex
ecution.steps.Capture
OutputsAfterExecution
Step.execute(CaptureO
utputsAfterExecutionS
tep.java:46) at org.g
radle.internal.execut
ion.steps.ResolveInpu
tChangesStep.execute(
ResolveInputChangesSt
ep.java:39) at org.gr
adle.internal.executi
on.steps.ResolveInput
ChangesStep.execute(R
esolveInputChangesSte
p.java:28) at org.gra
dle.internal.executio
n.steps.BuildCacheSte
p.executeWithoutCache
(BuildCacheStep.java:
189) at org.gradle.in
ternal.execution.step
s.BuildCacheStep.lamb
da$execute$1(BuildCac
heStep.java:75) at or
g.gradle.internal.Eit
her$Right.fold(Either
.java:176) at org.gra
dle.internal.executio
n.caching.CachingStat
e.fold(CachingState.j
ava:62) at org.gradle
.internal.execution.s
teps.BuildCacheStep.e
xecute(BuildCacheStep
.java:73) at org.grad
le.internal.execution
.steps.BuildCacheStep
.execute(BuildCacheSt
ep.java:48) at org.gr
adle.internal.executi
on.steps.StoreExecuti
onStateStep.execute(S
toreExecutionStateSte
p.java:46) at org.gra
dle.internal.executio
n.steps.StoreExecutio
nStateStep.execute(St
oreExecutionStateStep
.java:35) at org.grad
le.internal.execution
.steps.SkipUpToDateSt
ep.executeBecause(Ski
pUpToDateStep.java:75
) at org.gradle.inter
nal.execution.steps.S
kipUpToDateStep.lambd
a$execute$2(SkipUpToD
ateStep.java:53) at j
ava.base/java.util.Op
tional.orElseGet(Opti
onal.java:364) at org
.gradle.internal.exec
ution.steps.SkipUpToD
ateStep.execute(SkipU
pToDateStep.java:53) 
at org.gradle.interna
l.execution.steps.Ski
pUpToDateStep.execute
(SkipUpToDateStep.jav
a:35) at org.gradle.i
nternal.execution.ste
ps.legacy.MarkSnapsho
ttingInputsFinishedSt
ep.execute(MarkSnapsh
ottingInputsFinishedS
tep.java:37) at org.g
radle.internal.execut
ion.steps.legacy.Mark
SnapshottingInputsFin
ishedStep.execute(Mar
kSnapshottingInputsFi
nishedStep.java:27) 
at org.gradle.interna
l.execution.steps.Res
olveIncrementalCachin
gStateStep.executeDel
egate(ResolveIncremen
talCachingStateStep.j
ava:49) at org.gradle
.internal.execution.s
teps.ResolveIncrement
alCachingStateStep.ex
ecuteDelegate(Resolve
IncrementalCachingSta
teStep.java:27) at or
g.gradle.internal.exe
cution.steps.Abstract
ResolveCachingStateSt
ep.execute(AbstractRe
solveCachingStateStep
.java:71) at org.grad
le.internal.execution
.steps.AbstractResolv
eCachingStateStep.exe
cute(AbstractResolveC
achingStateStep.java:
39) at org.gradle.int
ernal.execution.steps
.ResolveChangesStep.e
xecute(ResolveChanges
Step.java:64) at org.
gradle.internal.execu
tion.steps.ResolveCha
ngesStep.execute(Reso
lveChangesStep.java:3
5) at org.gradle.inte
rnal.execution.steps.
ValidateStep.execute(
ValidateStep.java:62)
 at org.gradle.intern
al.execution.steps.Va
lidateStep.execute(Va
lidateStep.java:40) 
at org.gradle.interna
l.execution.steps.Abs
tractCaptureStateBefo
reExecutionStep.execu
te(AbstractCaptureSta
teBeforeExecutionStep
.java:76) at org.grad
le.internal.execution
.steps.AbstractCaptur
eStateBeforeExecution
Step.execute(Abstract
CaptureStateBeforeExe
cutionStep.java:45) 
at org.gradle.interna
l.execution.steps.Abs
tractSkipEmptyWorkSte
p.executeWithNonEmpty
Sources(AbstractSkipE
mptyWorkStep.java:136
) at org.gradle.inter
nal.execution.steps.A
bstractSkipEmptyWorkS
tep.execute(AbstractS
kipEmptyWorkStep.java
:61) at org.gradle.in
ternal.execution.step
s.AbstractSkipEmptyWo
rkStep.execute(Abstra
ctSkipEmptyWorkStep.j
ava:38) at org.gradle
.internal.execution.s
teps.legacy.MarkSnaps
hottingInputsStartedS
tep.execute(MarkSnaps
hottingInputsStartedS
tep.java:38) at org.g
radle.internal.execut
ion.steps.LoadPreviou
sExecutionStateStep.e
xecute(LoadPreviousEx
ecutionStateStep.java
:36) at org.gradle.in
ternal.execution.step
s.LoadPreviousExecuti
onStateStep.execute(L
oadPreviousExecutionS
tateStep.java:23) at 
org.gradle.internal.e
xecution.steps.Handle
StaleOutputsStep.exec
ute(HandleStaleOutput
sStep.java:75) at org
.gradle.internal.exec
ution.steps.HandleSta
leOutputsStep.execute
(HandleStaleOutputsSt
ep.java:41) at org.gr
adle.internal.executi
on.steps.AssignMutabl
eWorkspaceStep.lambda
$execute$0(AssignMuta
bleWorkspaceStep.java
:35) at org.gradle.ap
i.internal.tasks.exec
ution.TaskExecution$4
.withWorkspace(TaskEx
ecution.java:297) at 
org.gradle.internal.e
xecution.steps.Assign
MutableWorkspaceStep.
execute(AssignMutable
WorkspaceStep.java:31
) at org.gradle.inter
nal.execution.steps.A
ssignMutableWorkspace
Step.execute(AssignMu
tableWorkspaceStep.ja
va:22) at org.gradle.
internal.execution.st
eps.ChoosePipelineSte
p.execute(ChoosePipel
ineStep.java:40) at o
rg.gradle.internal.ex
ecution.steps.ChooseP
ipelineStep.execute(C
hoosePipelineStep.jav
a:23) at org.gradle.i
nternal.execution.ste
ps.ExecuteWorkBuildOp
erationFiringStep.lam
bda$execute$2(Execute
WorkBuildOperationFir
ingStep.java:67) at j
ava.base/java.util.Op
tional.orElseGet(Opti
onal.java:364) at org
.gradle.internal.exec
ution.steps.ExecuteWo
rkBuildOperationFirin
gStep.execute(Execute
WorkBuildOperationFir
ingStep.java:67) at o
rg.gradle.internal.ex
ecution.steps.Execute
WorkBuildOperationFir
ingStep.execute(Execu
teWorkBuildOperationF
iringStep.java:39) 
at org.gradle.interna
l.execution.steps.Ide
ntityCacheStep.execut
e(IdentityCacheStep.j
ava:46) at org.gradle
.internal.execution.s
teps.IdentityCacheSte
p.execute(IdentityCac
heStep.java:34) at or
g.gradle.internal.exe
cution.steps.Identify
Step.execute(Identify
Step.java:47) at org.
gradle.internal.execu
tion.steps.IdentifySt
ep.execute(IdentifySt
ep.java:34) at org.gr
adle.internal.executi
on.impl.DefaultExecut
ionEngine$1.execute(D
efaultExecutionEngine
.java:64) at org.grad
le.api.internal.tasks
.execution.ExecuteAct
ionsTaskExecuter.exec
uteIfValid(ExecuteAct
ionsTaskExecuter.java
:132) at org.gradle.a
pi.internal.tasks.exe
cution.ExecuteActions
TaskExecuter.execute(
ExecuteActionsTaskExe
cuter.java:121) at or
g.gradle.api.internal
.tasks.execution.Prob
lemsTaskPathTrackingT
askExecuter.execute(P
roblemsTaskPathTracki
ngTaskExecuter.java:4
1) at org.gradle.api.
internal.tasks.execut
ion.FinalizePropertie
sTaskExecuter.execute
(FinalizePropertiesTa
skExecuter.java:46) 
at org.gradle.api.int
ernal.tasks.execution
.ResolveTaskExecution
ModeExecuter.execute(
ResolveTaskExecutionM
odeExecuter.java:51) 
at org.gradle.api.int
ernal.tasks.execution
.SkipTaskWithNoAction
sExecuter.execute(Ski
pTaskWithNoActionsExe
cuter.java:57) at org
.gradle.api.internal.
tasks.execution.SkipO
nlyIfTaskExecuter.exe
cute(SkipOnlyIfTaskEx
ecuter.java:74) at or
g.gradle.api.internal
.tasks.execution.Catc
hExceptionTaskExecute
r.execute(CatchExcept
ionTaskExecuter.java:
36) at org.gradle.api
.internal.tasks.execu
tion.EventFiringTaskE
xecuter$1.executeTask
(EventFiringTaskExecu
ter.java:77) at org.g
radle.api.internal.ta
sks.execution.EventFi
ringTaskExecuter$1.ca
ll(EventFiringTaskExe
cuter.java:55) at org
.gradle.api.internal.
tasks.execution.Event
FiringTaskExecuter$1.
call(EventFiringTaskE
xecuter.java:52) at o
rg.gradle.internal.op
erations.DefaultBuild
OperationRunner$Calla
bleBuildOperationWork
er.execute(DefaultBui
ldOperationRunner.jav
a:209) at org.gradle.
internal.operations.D
efaultBuildOperationR
unner$CallableBuildOp
erationWorker.execute
(DefaultBuildOperatio
nRunner.java:204) at 
org.gradle.internal.o
perations.DefaultBuil
dOperationRunner$2.ex
ecute(DefaultBuildOpe
rationRunner.java:66)
 at org.gradle.intern
al.operations.Default
BuildOperationRunner$
2.execute(DefaultBuil
dOperationRunner.java
:59) at org.gradle.in
ternal.operations.Def
aultBuildOperationRun
ner.execute(DefaultBu
ildOperationRunner.ja
va:166) at org.gradle
.internal.operations.
DefaultBuildOperation
Runner.execute(Defaul
tBuildOperationRunner
.java:59) at org.grad
le.internal.operation
s.DefaultBuildOperati
onRunner.call(Default
BuildOperationRunner.
java:53) at org.gradl
e.api.internal.tasks.
execution.EventFiring
TaskExecuter.execute(
EventFiringTaskExecut
er.java:52) at org.gr
adle.execution.plan.L
ocalTaskNodeExecutor.
execute(LocalTaskNode
Executor.java:45) at 
org.gradle.execution.
taskgraph.DefaultTask
ExecutionGraph$Invoke
NodeExecutorsAction.e
xecute(DefaultTaskExe
cutionGraph.java:347)
 at org.gradle.execut
ion.taskgraph.Default
TaskExecutionGraph$In
vokeNodeExecutorsActi
on.execute(DefaultTas
kExecutionGraph.java:
334) at org.gradle.ex
ecution.taskgraph.Def
aultTaskExecutionGrap
h$BuildOperationAware
ExecutionAction.lambd
a$execute$0(DefaultTa
skExecutionGraph.java
:330) at org.gradle.i
nternal.operations.Cu
rrentBuildOperationRe
f.with(CurrentBuildOp
erationRef.java:84) 
at org.gradle.executi
on.taskgraph.DefaultT
askExecutionGraph$Bui
ldOperationAwareExecu
tionAction.execute(De
faultTaskExecutionGra
ph.java:330) at org.g
radle.execution.taskg
raph.DefaultTaskExecu
tionGraph$BuildOperat
ionAwareExecutionActi
on.execute(DefaultTas
kExecutionGraph.java:
319) at org.gradle.ex
ecution.plan.DefaultP
lanExecutor$ExecutorW
orker.execute(Default
PlanExecutor.java:459
) at org.gradle.execu
tion.plan.DefaultPlan
Executor$ExecutorWork
er.run(DefaultPlanExe
cutor.java:376) at or
g.gradle.internal.con
current.ExecutorPolic
y$CatchAndRecordFailu
res.onExecute(Executo
rPolicy.java:64) at o
rg.gradle.internal.co
ncurrent.AbstractMana
gedExecutor$1.run(Abs
tractManagedExecutor.
java:47) at java.base
/java.util.concurrent
.ThreadPoolExecutor.r
unWorker(ThreadPoolEx
ecutor.java:1136) at 
java.base/java.util.c
oncurrent.ThreadPoolE
xecutor$Worker.run(Th
readPoolExecutor.java
:635) at java.base/ja
va.lang.Thread.run(Th
read.java:842) 
Caused by: com.androi
d.ide.common.process.
ProcessException: 
Error while 
executing process C:\
Users\Densingh\AppDat
a\Local\Android\Sdk\c
make\3.22.1\bin\cmake
.exe with arguments {
-HC:\Users\Densingh\D
ownloads\projects\rea
ctnative\node_modules
\react-native\ReactAn
droid\cmake-utils\def
ault-app-setup -DCMAK
E_SYSTEM_NAME=Android
 -DCMAKE_EXPORT_COMPI
LE_COMMANDS=ON -DCMAK
E_SYSTEM_VERSION=24 -
DANDROID_PLATFORM=and
roid-24 -DANDROID_ABI
=arm64-v8a -DCMAKE_AN
DROID_ARCH_ABI=arm64-
v8a -DANDROID_NDK=C:\
Users\Densingh\AppDat
a\Local\Android\Sdk\n
dk\27.1.12297006 -DCM
AKE_ANDROID_NDK=C:\Us
ers\Densingh\AppData\
Local\Android\Sdk\ndk
\27.1.12297006 -DCMAK
E_TOOLCHAIN_FILE=C:\U
sers\Densingh\AppData
\Local\Android\Sdk\nd
k\27.1.12297006\build
\cmake\android.toolch
ain.cmake -DCMAKE_MAK
E_PROGRAM=C:\Users\De
nsingh\AppData\Local\
Android\Sdk\cmake\3.2
2.1\bin\ninja.exe -DC
MAKE_LIBRARY_OUTPUT_D
IRECTORY=C:\Users\Den
singh\Downloads\proje
cts\reactnative\andro
id\app\build\intermed
iates\cxx\Debug\3m6m5
540\obj\arm64-v8a -DC
MAKE_RUNTIME_OUTPUT_D
IRECTORY=C:\Users\Den
singh\Downloads\proje
cts\reactnative\andro
id\app\build\intermed
iates\cxx\Debug\3m6m5
540\obj\arm64-v8a -DC
MAKE_BUILD_TYPE=Debug
 -DCMAKE_FIND_ROOT_PA
TH=C:\Users\Densingh\
Downloads\projects\re
actnative\android\app
\.cxx\Debug\3m6m5540\
prefab\arm64-v8a\pref
ab -BC:\Users\Densing
h\Downloads\projects\
reactnative\android\a
pp\.cxx\Debug\3m6m554
0\arm64-v8a -GNinja -
DPROJECT_BUILD_DIR=C:
\Users\Densingh\Downl
oads\projects\reactna
tive\android\app\buil
d -DPROJECT_ROOT_DIR=
C:\Users\Densingh\Dow
nloads\projects\react
native\android -DREAC
T_ANDROID_DIR=C:\User
s\Densingh\Downloads\
projects\reactnative\
node_modules\react-na
tive\ReactAndroid -DA
NDROID_STL=c++_shared
 -DANDROID_SUPPORT_FL
EXIBLE_PAGE_SIZES=ON}
 at com.android.build
.gradle.internal.proc
ess.GradleProcessResu
lt.buildProcessExcept
ion(GradleProcessResu
lt.java:73) at com.an
droid.build.gradle.in
ternal.process.Gradle
ProcessResult.assertN
ormalExitValue(Gradle
ProcessResult.java:48
) at com.android.buil
d.gradle.internal.cxx
.process.ExecuteProce
ssKt.execute(ExecuteP
rocess.kt:277) ... 
141 more Caused by: o
rg.gradle.process.Pro
cessExecutionExceptio
n: Process 'command '
C:\Users\Densingh\App
Data\Local\Android\Sd
k\cmake\3.22.1\bin\cm
ake.exe'' finished 
with non-zero exit 
value 1 at org.gradle
.process.internal.Def
aultExecHandle$ExecRe
sultImpl.assertNormal
ExitValue(DefaultExec
Handle.java:443) at c
om.android.build.grad
le.internal.process.G
radleProcessResult.as
sertNormalExitValue(G
radleProcessResult.ja
va:46) ... 142 more 
* Try: > Run with 
--stacktrace option 
to get the stack 
trace. > Run with 
--info or --debug 
option to get more 
log output. > Run 
with --scan to 
generate a Build 
Scan (Powered by 
Develocity). > Get 
more help at https://
help.gradle.org. 
BUILD FAILED in 
11s.[0m
[36m[1minfo[22m[39m [0m[2mRun CLI with [0m--verbose[0m [2mflag for more details.[22m[2m[22m[0m
